main.c:107:6:init_debounce_struct_t	16	static
main.c:116:6:debounc_btn	24	static
main.c:203:5:main	8	static
main.c:266:6:SystemClock_Config	160	static
main.c:308:13:MX_CRC_Init	8	static
main.c:345:13:MX_USART2_UART_Init	8	static
main.c:380:13:MX_GPIO_Init	40	static
main.c:410:6:printmsg	96	static
main.c:422:10:swap_byte_order	24	static
main.c:433:6:bootloader_handle_getver_cmd	32	static
main.c:487:6:bootloader_handle_gethelp_cmd	24	static
main.c:521:6:bootloader_handle_getcid_cmd	32	static
main.c:559:6:bootloader_handle_getrdp_cmd	32	static
main.c:599:6:bootloader_handle_go_cmd	40	static
main.c:678:6:bootloader_handle_flash_erase_cmd	32	static
main.c:725:6:bootloader_handle_mem_write_cmd	40	static
main.c:808:6:bootloader_handle_en_rw_protect	32	static
main.c:853:6:bootloader_handle_dis_rw_protect	32	static
main.c:897:6:bootloader_handle_mem_read	16	static
main.c:904:6:bootloader_handle_read_sector_protection_status	32	static
main.c:945:6:bootloader_handle_read_otp	16	static
main.c:952:6:bootloader_send_ack	24	static
main.c:963:6:bootloader_send_nack	16	static
main.c:970:9:bootloader_verify_crc	40	static
main.c:995:9:bootloader_verify_crc_swapped	40	static
main.c:1020:6:bootloader_uart_read_data	16	static
main.c:1082:6:bootloader_jump_to_user_app	24	static,ignoring_inline_asm
main.c:1100:6:bootloader_uart_write_data	16	static
main.c:1109:9:get_bootloader_version	4	static
main.c:1115:10:get_mcu_chip_id	16	static
main.c:1133:9:get_flash_rdp_level	16	static
main.c:1154:9:verify_address	16	static
main.c:1179:10:execute_flash_erase	48	static
main.c:1269:9:execute_mem_write	48	static
main.c:1330:10:page_details_to_2pages	24	static
main.c:1446:19:set_flash_rdp_level	48	static
main.c:1478:19:disable_write_flash_prot	40	static
main.c:1574:9:configure_flash_sector_rw_protection	32	static
main.c:1684:10:read_OB_rw_protection_status	32	static
main.c:1706:6:Error_Handler	4	static
