17:17:22 **** Build of configuration Debug for project Application ****
make -j4 all 
arm-none-eabi-gcc -mcpu=cortex-m4 -g3 -c -I../ -x assembler-with-cpp -MMD -MP -MF"Startup/startup_stm32f303retx.d" -MT"Startup/startup_stm32f303retx.o" --specs=nano.specs -mfpu=fpv4-sp-d16 -mfloat-abi=hard -mthumb -o "Startup/startup_stm32f303retx.o" "../Startup/startup_stm32f303retx.s"
arm-none-eabi-gcc "../Src/main.c" -mcpu=cortex-m4 -std=gnu11 -g3 -DUSE_HAL_DRIVER -DSTM32F303xE -DDEBUG -c -I../Inc -IC:/Users/nmazzilli24/STM32Cube/Repository/STM32Cube_FW_F3_V1.10.0/Drivers/STM32F3xx_HAL_Driver/Inc/Legacy -IC:/Users/nmazzilli24/STM32Cube/Repository/STM32Cube_FW_F3_V1.10.0/Drivers/STM32F3xx_HAL_Driver/Inc -IC:/Users/nmazzilli24/STM32Cube/Repository/STM32Cube_FW_F3_V1.10.0/Drivers/CMSIS/Include -IC:/Users/nmazzilli24/STM32Cube/Repository/STM32Cube_FW_F3_V1.10.0/Drivers/CMSIS/Device/ST/STM32F3xx/Include -O0 -ffunction-sections -fdata-sections -Wall -fstack-usage -MMD -MP -MF"Src/main.d" -MT"Src/main.o" --specs=nano.specs -mfpu=fpv4-sp-d16 -mfloat-abi=hard -mthumb -o "Src/main.o"
arm-none-eabi-gcc "../Src/stm32f3xx_hal_msp.c" -mcpu=cortex-m4 -std=gnu11 -g3 -DUSE_HAL_DRIVER -DSTM32F303xE -DDEBUG -c -I../Inc -IC:/Users/nmazzilli24/STM32Cube/Repository/STM32Cube_FW_F3_V1.10.0/Drivers/STM32F3xx_HAL_Driver/Inc/Legacy -IC:/Users/nmazzilli24/STM32Cube/Repository/STM32Cube_FW_F3_V1.10.0/Drivers/STM32F3xx_HAL_Driver/Inc -IC:/Users/nmazzilli24/STM32Cube/Repository/STM32Cube_FW_F3_V1.10.0/Drivers/CMSIS/Include -IC:/Users/nmazzilli24/STM32Cube/Repository/STM32Cube_FW_F3_V1.10.0/Drivers/CMSIS/Device/ST/STM32F3xx/Include -O0 -ffunction-sections -fdata-sections -Wall -fstack-usage -MMD -MP -MF"Src/stm32f3xx_hal_msp.d" -MT"Src/stm32f3xx_hal_msp.o" --specs=nano.specs -mfpu=fpv4-sp-d16 -mfloat-abi=hard -mthumb -o "Src/stm32f3xx_hal_msp.o"
arm-none-eabi-gcc "../Src/stm32f3xx_it.c" -mcpu=cortex-m4 -std=gnu11 -g3 -DUSE_HAL_DRIVER -DSTM32F303xE -DDEBUG -c -I../Inc -IC:/Users/nmazzilli24/STM32Cube/Repository/STM32Cube_FW_F3_V1.10.0/Drivers/STM32F3xx_HAL_Driver/Inc/Legacy -IC:/Users/nmazzilli24/STM32Cube/Repository/STM32Cube_FW_F3_V1.10.0/Drivers/STM32F3xx_HAL_Driver/Inc -IC:/Users/nmazzilli24/STM32Cube/Repository/STM32Cube_FW_F3_V1.10.0/Drivers/CMSIS/Include -IC:/Users/nmazzilli24/STM32Cube/Repository/STM32Cube_FW_F3_V1.10.0/Drivers/CMSIS/Device/ST/STM32F3xx/Include -O0 -ffunction-sections -fdata-sections -Wall -fstack-usage -MMD -MP -MF"Src/stm32f3xx_it.d" -MT"Src/stm32f3xx_it.o" --specs=nano.specs -mfpu=fpv4-sp-d16 -mfloat-abi=hard -mthumb -o "Src/stm32f3xx_it.o"
../Src/main.c:147:26: warning: 'uart_status_t' defined but not used [-Wunused-variable]
 static HAL_StatusTypeDef uart_status_t;
                          ^~~~~~~~~~~~~
../Src/main.c:146:31: warning: 'button_state_t' defined but not used [-Wunused-variable]
 static Button_state_machine_t button_state_t = NOT_BLINKING;
                               ^~~~~~~~~~~~~~
arm-none-eabi-gcc "../Src/syscalls.c" -mcpu=cortex-m4 -std=gnu11 -g3 -DUSE_HAL_DRIVER -DSTM32F303xE -DDEBUG -c -I../Inc -IC:/Users/nmazzilli24/STM32Cube/Repository/STM32Cube_FW_F3_V1.10.0/Drivers/STM32F3xx_HAL_Driver/Inc/Legacy -IC:/Users/nmazzilli24/STM32Cube/Repository/STM32Cube_FW_F3_V1.10.0/Drivers/STM32F3xx_HAL_Driver/Inc -IC:/Users/nmazzilli24/STM32Cube/Repository/STM32Cube_FW_F3_V1.10.0/Drivers/CMSIS/Include -IC:/Users/nmazzilli24/STM32Cube/Repository/STM32Cube_FW_F3_V1.10.0/Drivers/CMSIS/Device/ST/STM32F3xx/Include -O0 -ffunction-sections -fdata-sections -Wall -fstack-usage -MMD -MP -MF"Src/syscalls.d" -MT"Src/syscalls.o" --specs=nano.specs -mfpu=fpv4-sp-d16 -mfloat-abi=hard -mthumb -o "Src/syscalls.o"
arm-none-eabi-gcc "../Src/sysmem.c" -mcpu=cortex-m4 -std=gnu11 -g3 -DUSE_HAL_DRIVER -DSTM32F303xE -DDEBUG -c -I../Inc -IC:/Users/nmazzilli24/STM32Cube/Repository/STM32Cube_FW_F3_V1.10.0/Drivers/STM32F3xx_HAL_Driver/Inc/Legacy -IC:/Users/nmazzilli24/STM32Cube/Repository/STM32Cube_FW_F3_V1.10.0/Drivers/STM32F3xx_HAL_Driver/Inc -IC:/Users/nmazzilli24/STM32Cube/Repository/STM32Cube_FW_F3_V1.10.0/Drivers/CMSIS/Include -IC:/Users/nmazzilli24/STM32Cube/Repository/STM32Cube_FW_F3_V1.10.0/Drivers/CMSIS/Device/ST/STM32F3xx/Include -O0 -ffunction-sections -fdata-sections -Wall -fstack-usage -MMD -MP -MF"Src/sysmem.d" -MT"Src/sysmem.o" --specs=nano.specs -mfpu=fpv4-sp-d16 -mfloat-abi=hard -mthumb -o "Src/sysmem.o"
arm-none-eabi-gcc "../Src/system_stm32f3xx.c" -mcpu=cortex-m4 -std=gnu11 -g3 -DUSE_HAL_DRIVER -DSTM32F303xE -DDEBUG -c -I../Inc -IC:/Users/nmazzilli24/STM32Cube/Repository/STM32Cube_FW_F3_V1.10.0/Drivers/STM32F3xx_HAL_Driver/Inc/Legacy -IC:/Users/nmazzilli24/STM32Cube/Repository/STM32Cube_FW_F3_V1.10.0/Drivers/STM32F3xx_HAL_Driver/Inc -IC:/Users/nmazzilli24/STM32Cube/Repository/STM32Cube_FW_F3_V1.10.0/Drivers/CMSIS/Include -IC:/Users/nmazzilli24/STM32Cube/Repository/STM32Cube_FW_F3_V1.10.0/Drivers/CMSIS/Device/ST/STM32F3xx/Include -O0 -ffunction-sections -fdata-sections -Wall -fstack-usage -MMD -MP -MF"Src/system_stm32f3xx.d" -MT"Src/system_stm32f3xx.o" --specs=nano.specs -mfpu=fpv4-sp-d16 -mfloat-abi=hard -mthumb -o "Src/system_stm32f3xx.o"
arm-none-eabi-gcc "C:/Users/nmazzilli24/STM32Cube/Repository/STM32Cube_FW_F3_V1.10.0/Drivers/STM32F3xx_HAL_Driver/Src/stm32f3xx_hal.c" -mcpu=cortex-m4 -std=gnu11 -g3 -DUSE_HAL_DRIVER -DSTM32F303xE -DDEBUG -c -I../Inc -IC:/Users/nmazzilli24/STM32Cube/Repository/STM32Cube_FW_F3_V1.10.0/Drivers/STM32F3xx_HAL_Driver/Inc/Legacy -IC:/Users/nmazzilli24/STM32Cube/Repository/STM32Cube_FW_F3_V1.10.0/Drivers/STM32F3xx_HAL_Driver/Inc -IC:/Users/nmazzilli24/STM32Cube/Repository/STM32Cube_FW_F3_V1.10.0/Drivers/CMSIS/Include -IC:/Users/nmazzilli24/STM32Cube/Repository/STM32Cube_FW_F3_V1.10.0/Drivers/CMSIS/Device/ST/STM32F3xx/Include -O0 -ffunction-sections -fdata-sections -Wall -fstack-usage -MMD -MP -MF"Drivers/STM32F3xx_HAL_Driver/stm32f3xx_hal.d" -MT"Drivers/STM32F3xx_HAL_Driver/stm32f3xx_hal.o" --specs=nano.specs -mfpu=fpv4-sp-d16 -mfloat-abi=hard -mthumb -o "Drivers/STM32F3xx_HAL_Driver/stm32f3xx_hal.o"
arm-none-eabi-gcc "C:/Users/nmazzilli24/STM32Cube/Repository/STM32Cube_FW_F3_V1.10.0/Drivers/STM32F3xx_HAL_Driver/Src/stm32f3xx_hal_cortex.c" -mcpu=cortex-m4 -std=gnu11 -g3 -DUSE_HAL_DRIVER -DSTM32F303xE -DDEBUG -c -I../Inc -IC:/Users/nmazzilli24/STM32Cube/Repository/STM32Cube_FW_F3_V1.10.0/Drivers/STM32F3xx_HAL_Driver/Inc/Legacy -IC:/Users/nmazzilli24/STM32Cube/Repository/STM32Cube_FW_F3_V1.10.0/Drivers/STM32F3xx_HAL_Driver/Inc -IC:/Users/nmazzilli24/STM32Cube/Repository/STM32Cube_FW_F3_V1.10.0/Drivers/CMSIS/Include -IC:/Users/nmazzilli24/STM32Cube/Repository/STM32Cube_FW_F3_V1.10.0/Drivers/CMSIS/Device/ST/STM32F3xx/Include -O0 -ffunction-sections -fdata-sections -Wall -fstack-usage -MMD -MP -MF"Drivers/STM32F3xx_HAL_Driver/stm32f3xx_hal_cortex.d" -MT"Drivers/STM32F3xx_HAL_Driver/stm32f3xx_hal_cortex.o" --specs=nano.specs -mfpu=fpv4-sp-d16 -mfloat-abi=hard -mthumb -o "Drivers/STM32F3xx_HAL_Driver/stm32f3xx_hal_cortex.o"
arm-none-eabi-gcc "C:/Users/nmazzilli24/STM32Cube/Repository/STM32Cube_FW_F3_V1.10.0/Drivers/STM32F3xx_HAL_Driver/Src/stm32f3xx_hal_crc.c" -mcpu=cortex-m4 -std=gnu11 -g3 -DUSE_HAL_DRIVER -DSTM32F303xE -DDEBUG -c -I../Inc -IC:/Users/nmazzilli24/STM32Cube/Repository/STM32Cube_FW_F3_V1.10.0/Drivers/STM32F3xx_HAL_Driver/Inc/Legacy -IC:/Users/nmazzilli24/STM32Cube/Repository/STM32Cube_FW_F3_V1.10.0/Drivers/STM32F3xx_HAL_Driver/Inc -IC:/Users/nmazzilli24/STM32Cube/Repository/STM32Cube_FW_F3_V1.10.0/Drivers/CMSIS/Include -IC:/Users/nmazzilli24/STM32Cube/Repository/STM32Cube_FW_F3_V1.10.0/Drivers/CMSIS/Device/ST/STM32F3xx/Include -O0 -ffunction-sections -fdata-sections -Wall -fstack-usage -MMD -MP -MF"Drivers/STM32F3xx_HAL_Driver/stm32f3xx_hal_crc.d" -MT"Drivers/STM32F3xx_HAL_Driver/stm32f3xx_hal_crc.o" --specs=nano.specs -mfpu=fpv4-sp-d16 -mfloat-abi=hard -mthumb -o "Drivers/STM32F3xx_HAL_Driver/stm32f3xx_hal_crc.o"
arm-none-eabi-gcc "C:/Users/nmazzilli24/STM32Cube/Repository/STM32Cube_FW_F3_V1.10.0/Drivers/STM32F3xx_HAL_Driver/Src/stm32f3xx_hal_crc_ex.c" -mcpu=cortex-m4 -std=gnu11 -g3 -DUSE_HAL_DRIVER -DSTM32F303xE -DDEBUG -c -I../Inc -IC:/Users/nmazzilli24/STM32Cube/Repository/STM32Cube_FW_F3_V1.10.0/Drivers/STM32F3xx_HAL_Driver/Inc/Legacy -IC:/Users/nmazzilli24/STM32Cube/Repository/STM32Cube_FW_F3_V1.10.0/Drivers/STM32F3xx_HAL_Driver/Inc -IC:/Users/nmazzilli24/STM32Cube/Repository/STM32Cube_FW_F3_V1.10.0/Drivers/CMSIS/Include -IC:/Users/nmazzilli24/STM32Cube/Repository/STM32Cube_FW_F3_V1.10.0/Drivers/CMSIS/Device/ST/STM32F3xx/Include -O0 -ffunction-sections -fdata-sections -Wall -fstack-usage -MMD -MP -MF"Drivers/STM32F3xx_HAL_Driver/stm32f3xx_hal_crc_ex.d" -MT"Drivers/STM32F3xx_HAL_Driver/stm32f3xx_hal_crc_ex.o" --specs=nano.specs -mfpu=fpv4-sp-d16 -mfloat-abi=hard -mthumb -o "Drivers/STM32F3xx_HAL_Driver/stm32f3xx_hal_crc_ex.o"
arm-none-eabi-gcc "C:/Users/nmazzilli24/STM32Cube/Repository/STM32Cube_FW_F3_V1.10.0/Drivers/STM32F3xx_HAL_Driver/Src/stm32f3xx_hal_dma.c" -mcpu=cortex-m4 -std=gnu11 -g3 -DUSE_HAL_DRIVER -DSTM32F303xE -DDEBUG -c -I../Inc -IC:/Users/nmazzilli24/STM32Cube/Repository/STM32Cube_FW_F3_V1.10.0/Drivers/STM32F3xx_HAL_Driver/Inc/Legacy -IC:/Users/nmazzilli24/STM32Cube/Repository/STM32Cube_FW_F3_V1.10.0/Drivers/STM32F3xx_HAL_Driver/Inc -IC:/Users/nmazzilli24/STM32Cube/Repository/STM32Cube_FW_F3_V1.10.0/Drivers/CMSIS/Include -IC:/Users/nmazzilli24/STM32Cube/Repository/STM32Cube_FW_F3_V1.10.0/Drivers/CMSIS/Device/ST/STM32F3xx/Include -O0 -ffunction-sections -fdata-sections -Wall -fstack-usage -MMD -MP -MF"Drivers/STM32F3xx_HAL_Driver/stm32f3xx_hal_dma.d" -MT"Drivers/STM32F3xx_HAL_Driver/stm32f3xx_hal_dma.o" --specs=nano.specs -mfpu=fpv4-sp-d16 -mfloat-abi=hard -mthumb -o "Drivers/STM32F3xx_HAL_Driver/stm32f3xx_hal_dma.o"
arm-none-eabi-gcc "C:/Users/nmazzilli24/STM32Cube/Repository/STM32Cube_FW_F3_V1.10.0/Drivers/STM32F3xx_HAL_Driver/Src/stm32f3xx_hal_flash.c" -mcpu=cortex-m4 -std=gnu11 -g3 -DUSE_HAL_DRIVER -DSTM32F303xE -DDEBUG -c -I../Inc -IC:/Users/nmazzilli24/STM32Cube/Repository/STM32Cube_FW_F3_V1.10.0/Drivers/STM32F3xx_HAL_Driver/Inc/Legacy -IC:/Users/nmazzilli24/STM32Cube/Repository/STM32Cube_FW_F3_V1.10.0/Drivers/STM32F3xx_HAL_Driver/Inc -IC:/Users/nmazzilli24/STM32Cube/Repository/STM32Cube_FW_F3_V1.10.0/Drivers/CMSIS/Include -IC:/Users/nmazzilli24/STM32Cube/Repository/STM32Cube_FW_F3_V1.10.0/Drivers/CMSIS/Device/ST/STM32F3xx/Include -O0 -ffunction-sections -fdata-sections -Wall -fstack-usage -MMD -MP -MF"Drivers/STM32F3xx_HAL_Driver/stm32f3xx_hal_flash.d" -MT"Drivers/STM32F3xx_HAL_Driver/stm32f3xx_hal_flash.o" --specs=nano.specs -mfpu=fpv4-sp-d16 -mfloat-abi=hard -mthumb -o "Drivers/STM32F3xx_HAL_Driver/stm32f3xx_hal_flash.o"
arm-none-eabi-gcc "C:/Users/nmazzilli24/STM32Cube/Repository/STM32Cube_FW_F3_V1.10.0/Drivers/STM32F3xx_HAL_Driver/Src/stm32f3xx_hal_flash_ex.c" -mcpu=cortex-m4 -std=gnu11 -g3 -DUSE_HAL_DRIVER -DSTM32F303xE -DDEBUG -c -I../Inc -IC:/Users/nmazzilli24/STM32Cube/Repository/STM32Cube_FW_F3_V1.10.0/Drivers/STM32F3xx_HAL_Driver/Inc/Legacy -IC:/Users/nmazzilli24/STM32Cube/Repository/STM32Cube_FW_F3_V1.10.0/Drivers/STM32F3xx_HAL_Driver/Inc -IC:/Users/nmazzilli24/STM32Cube/Repository/STM32Cube_FW_F3_V1.10.0/Drivers/CMSIS/Include -IC:/Users/nmazzilli24/STM32Cube/Repository/STM32Cube_FW_F3_V1.10.0/Drivers/CMSIS/Device/ST/STM32F3xx/Include -O0 -ffunction-sections -fdata-sections -Wall -fstack-usage -MMD -MP -MF"Drivers/STM32F3xx_HAL_Driver/stm32f3xx_hal_flash_ex.d" -MT"Drivers/STM32F3xx_HAL_Driver/stm32f3xx_hal_flash_ex.o" --specs=nano.specs -mfpu=fpv4-sp-d16 -mfloat-abi=hard -mthumb -o "Drivers/STM32F3xx_HAL_Driver/stm32f3xx_hal_flash_ex.o"
arm-none-eabi-gcc "C:/Users/nmazzilli24/STM32Cube/Repository/STM32Cube_FW_F3_V1.10.0/Drivers/STM32F3xx_HAL_Driver/Src/stm32f3xx_hal_gpio.c" -mcpu=cortex-m4 -std=gnu11 -g3 -DUSE_HAL_DRIVER -DSTM32F303xE -DDEBUG -c -I../Inc -IC:/Users/nmazzilli24/STM32Cube/Repository/STM32Cube_FW_F3_V1.10.0/Drivers/STM32F3xx_HAL_Driver/Inc/Legacy -IC:/Users/nmazzilli24/STM32Cube/Repository/STM32Cube_FW_F3_V1.10.0/Drivers/STM32F3xx_HAL_Driver/Inc -IC:/Users/nmazzilli24/STM32Cube/Repository/STM32Cube_FW_F3_V1.10.0/Drivers/CMSIS/Include -IC:/Users/nmazzilli24/STM32Cube/Repository/STM32Cube_FW_F3_V1.10.0/Drivers/CMSIS/Device/ST/STM32F3xx/Include -O0 -ffunction-sections -fdata-sections -Wall -fstack-usage -MMD -MP -MF"Drivers/STM32F3xx_HAL_Driver/stm32f3xx_hal_gpio.d" -MT"Drivers/STM32F3xx_HAL_Driver/stm32f3xx_hal_gpio.o" --specs=nano.specs -mfpu=fpv4-sp-d16 -mfloat-abi=hard -mthumb -o "Drivers/STM32F3xx_HAL_Driver/stm32f3xx_hal_gpio.o"
arm-none-eabi-gcc "C:/Users/nmazzilli24/STM32Cube/Repository/STM32Cube_FW_F3_V1.10.0/Drivers/STM32F3xx_HAL_Driver/Src/stm32f3xx_hal_i2c.c" -mcpu=cortex-m4 -std=gnu11 -g3 -DUSE_HAL_DRIVER -DSTM32F303xE -DDEBUG -c -I../Inc -IC:/Users/nmazzilli24/STM32Cube/Repository/STM32Cube_FW_F3_V1.10.0/Drivers/STM32F3xx_HAL_Driver/Inc/Legacy -IC:/Users/nmazzilli24/STM32Cube/Repository/STM32Cube_FW_F3_V1.10.0/Drivers/STM32F3xx_HAL_Driver/Inc -IC:/Users/nmazzilli24/STM32Cube/Repository/STM32Cube_FW_F3_V1.10.0/Drivers/CMSIS/Include -IC:/Users/nmazzilli24/STM32Cube/Repository/STM32Cube_FW_F3_V1.10.0/Drivers/CMSIS/Device/ST/STM32F3xx/Include -O0 -ffunction-sections -fdata-sections -Wall -fstack-usage -MMD -MP -MF"Drivers/STM32F3xx_HAL_Driver/stm32f3xx_hal_i2c.d" -MT"Drivers/STM32F3xx_HAL_Driver/stm32f3xx_hal_i2c.o" --specs=nano.specs -mfpu=fpv4-sp-d16 -mfloat-abi=hard -mthumb -o "Drivers/STM32F3xx_HAL_Driver/stm32f3xx_hal_i2c.o"
arm-none-eabi-gcc "C:/Users/nmazzilli24/STM32Cube/Repository/STM32Cube_FW_F3_V1.10.0/Drivers/STM32F3xx_HAL_Driver/Src/stm32f3xx_hal_i2c_ex.c" -mcpu=cortex-m4 -std=gnu11 -g3 -DUSE_HAL_DRIVER -DSTM32F303xE -DDEBUG -c -I../Inc -IC:/Users/nmazzilli24/STM32Cube/Repository/STM32Cube_FW_F3_V1.10.0/Drivers/STM32F3xx_HAL_Driver/Inc/Legacy -IC:/Users/nmazzilli24/STM32Cube/Repository/STM32Cube_FW_F3_V1.10.0/Drivers/STM32F3xx_HAL_Driver/Inc -IC:/Users/nmazzilli24/STM32Cube/Repository/STM32Cube_FW_F3_V1.10.0/Drivers/CMSIS/Include -IC:/Users/nmazzilli24/STM32Cube/Repository/STM32Cube_FW_F3_V1.10.0/Drivers/CMSIS/Device/ST/STM32F3xx/Include -O0 -ffunction-sections -fdata-sections -Wall -fstack-usage -MMD -MP -MF"Drivers/STM32F3xx_HAL_Driver/stm32f3xx_hal_i2c_ex.d" -MT"Drivers/STM32F3xx_HAL_Driver/stm32f3xx_hal_i2c_ex.o" --specs=nano.specs -mfpu=fpv4-sp-d16 -mfloat-abi=hard -mthumb -o "Drivers/STM32F3xx_HAL_Driver/stm32f3xx_hal_i2c_ex.o"
arm-none-eabi-gcc "C:/Users/nmazzilli24/STM32Cube/Repository/STM32Cube_FW_F3_V1.10.0/Drivers/STM32F3xx_HAL_Driver/Src/stm32f3xx_hal_pwr.c" -mcpu=cortex-m4 -std=gnu11 -g3 -DUSE_HAL_DRIVER -DSTM32F303xE -DDEBUG -c -I../Inc -IC:/Users/nmazzilli24/STM32Cube/Repository/STM32Cube_FW_F3_V1.10.0/Drivers/STM32F3xx_HAL_Driver/Inc/Legacy -IC:/Users/nmazzilli24/STM32Cube/Repository/STM32Cube_FW_F3_V1.10.0/Drivers/STM32F3xx_HAL_Driver/Inc -IC:/Users/nmazzilli24/STM32Cube/Repository/STM32Cube_FW_F3_V1.10.0/Drivers/CMSIS/Include -IC:/Users/nmazzilli24/STM32Cube/Repository/STM32Cube_FW_F3_V1.10.0/Drivers/CMSIS/Device/ST/STM32F3xx/Include -O0 -ffunction-sections -fdata-sections -Wall -fstack-usage -MMD -MP -MF"Drivers/STM32F3xx_HAL_Driver/stm32f3xx_hal_pwr.d" -MT"Drivers/STM32F3xx_HAL_Driver/stm32f3xx_hal_pwr.o" --specs=nano.specs -mfpu=fpv4-sp-d16 -mfloat-abi=hard -mthumb -o "Drivers/STM32F3xx_HAL_Driver/stm32f3xx_hal_pwr.o"
arm-none-eabi-gcc "C:/Users/nmazzilli24/STM32Cube/Repository/STM32Cube_FW_F3_V1.10.0/Drivers/STM32F3xx_HAL_Driver/Src/stm32f3xx_hal_pwr_ex.c" -mcpu=cortex-m4 -std=gnu11 -g3 -DUSE_HAL_DRIVER -DSTM32F303xE -DDEBUG -c -I../Inc -IC:/Users/nmazzilli24/STM32Cube/Repository/STM32Cube_FW_F3_V1.10.0/Drivers/STM32F3xx_HAL_Driver/Inc/Legacy -IC:/Users/nmazzilli24/STM32Cube/Repository/STM32Cube_FW_F3_V1.10.0/Drivers/STM32F3xx_HAL_Driver/Inc -IC:/Users/nmazzilli24/STM32Cube/Repository/STM32Cube_FW_F3_V1.10.0/Drivers/CMSIS/Include -IC:/Users/nmazzilli24/STM32Cube/Repository/STM32Cube_FW_F3_V1.10.0/Drivers/CMSIS/Device/ST/STM32F3xx/Include -O0 -ffunction-sections -fdata-sections -Wall -fstack-usage -MMD -MP -MF"Drivers/STM32F3xx_HAL_Driver/stm32f3xx_hal_pwr_ex.d" -MT"Drivers/STM32F3xx_HAL_Driver/stm32f3xx_hal_pwr_ex.o" --specs=nano.specs -mfpu=fpv4-sp-d16 -mfloat-abi=hard -mthumb -o "Drivers/STM32F3xx_HAL_Driver/stm32f3xx_hal_pwr_ex.o"
arm-none-eabi-gcc "C:/Users/nmazzilli24/STM32Cube/Repository/STM32Cube_FW_F3_V1.10.0/Drivers/STM32F3xx_HAL_Driver/Src/stm32f3xx_hal_rcc.c" -mcpu=cortex-m4 -std=gnu11 -g3 -DUSE_HAL_DRIVER -DSTM32F303xE -DDEBUG -c -I../Inc -IC:/Users/nmazzilli24/STM32Cube/Repository/STM32Cube_FW_F3_V1.10.0/Drivers/STM32F3xx_HAL_Driver/Inc/Legacy -IC:/Users/nmazzilli24/STM32Cube/Repository/STM32Cube_FW_F3_V1.10.0/Drivers/STM32F3xx_HAL_Driver/Inc -IC:/Users/nmazzilli24/STM32Cube/Repository/STM32Cube_FW_F3_V1.10.0/Drivers/CMSIS/Include -IC:/Users/nmazzilli24/STM32Cube/Repository/STM32Cube_FW_F3_V1.10.0/Drivers/CMSIS/Device/ST/STM32F3xx/Include -O0 -ffunction-sections -fdata-sections -Wall -fstack-usage -MMD -MP -MF"Drivers/STM32F3xx_HAL_Driver/stm32f3xx_hal_rcc.d" -MT"Drivers/STM32F3xx_HAL_Driver/stm32f3xx_hal_rcc.o" --specs=nano.specs -mfpu=fpv4-sp-d16 -mfloat-abi=hard -mthumb -o "Drivers/STM32F3xx_HAL_Driver/stm32f3xx_hal_rcc.o"
arm-none-eabi-gcc "C:/Users/nmazzilli24/STM32Cube/Repository/STM32Cube_FW_F3_V1.10.0/Drivers/STM32F3xx_HAL_Driver/Src/stm32f3xx_hal_rcc_ex.c" -mcpu=cortex-m4 -std=gnu11 -g3 -DUSE_HAL_DRIVER -DSTM32F303xE -DDEBUG -c -I../Inc -IC:/Users/nmazzilli24/STM32Cube/Repository/STM32Cube_FW_F3_V1.10.0/Drivers/STM32F3xx_HAL_Driver/Inc/Legacy -IC:/Users/nmazzilli24/STM32Cube/Repository/STM32Cube_FW_F3_V1.10.0/Drivers/STM32F3xx_HAL_Driver/Inc -IC:/Users/nmazzilli24/STM32Cube/Repository/STM32Cube_FW_F3_V1.10.0/Drivers/CMSIS/Include -IC:/Users/nmazzilli24/STM32Cube/Repository/STM32Cube_FW_F3_V1.10.0/Drivers/CMSIS/Device/ST/STM32F3xx/Include -O0 -ffunction-sections -fdata-sections -Wall -fstack-usage -MMD -MP -MF"Drivers/STM32F3xx_HAL_Driver/stm32f3xx_hal_rcc_ex.d" -MT"Drivers/STM32F3xx_HAL_Driver/stm32f3xx_hal_rcc_ex.o" --specs=nano.specs -mfpu=fpv4-sp-d16 -mfloat-abi=hard -mthumb -o "Drivers/STM32F3xx_HAL_Driver/stm32f3xx_hal_rcc_ex.o"
arm-none-eabi-gcc "C:/Users/nmazzilli24/STM32Cube/Repository/STM32Cube_FW_F3_V1.10.0/Drivers/STM32F3xx_HAL_Driver/Src/stm32f3xx_hal_tim.c" -mcpu=cortex-m4 -std=gnu11 -g3 -DUSE_HAL_DRIVER -DSTM32F303xE -DDEBUG -c -I../Inc -IC:/Users/nmazzilli24/STM32Cube/Repository/STM32Cube_FW_F3_V1.10.0/Drivers/STM32F3xx_HAL_Driver/Inc/Legacy -IC:/Users/nmazzilli24/STM32Cube/Repository/STM32Cube_FW_F3_V1.10.0/Drivers/STM32F3xx_HAL_Driver/Inc -IC:/Users/nmazzilli24/STM32Cube/Repository/STM32Cube_FW_F3_V1.10.0/Drivers/CMSIS/Include -IC:/Users/nmazzilli24/STM32Cube/Repository/STM32Cube_FW_F3_V1.10.0/Drivers/CMSIS/Device/ST/STM32F3xx/Include -O0 -ffunction-sections -fdata-sections -Wall -fstack-usage -MMD -MP -MF"Drivers/STM32F3xx_HAL_Driver/stm32f3xx_hal_tim.d" -MT"Drivers/STM32F3xx_HAL_Driver/stm32f3xx_hal_tim.o" --specs=nano.specs -mfpu=fpv4-sp-d16 -mfloat-abi=hard -mthumb -o "Drivers/STM32F3xx_HAL_Driver/stm32f3xx_hal_tim.o"
arm-none-eabi-gcc "C:/Users/nmazzilli24/STM32Cube/Repository/STM32Cube_FW_F3_V1.10.0/Drivers/STM32F3xx_HAL_Driver/Src/stm32f3xx_hal_tim_ex.c" -mcpu=cortex-m4 -std=gnu11 -g3 -DUSE_HAL_DRIVER -DSTM32F303xE -DDEBUG -c -I../Inc -IC:/Users/nmazzilli24/STM32Cube/Repository/STM32Cube_FW_F3_V1.10.0/Drivers/STM32F3xx_HAL_Driver/Inc/Legacy -IC:/Users/nmazzilli24/STM32Cube/Repository/STM32Cube_FW_F3_V1.10.0/Drivers/STM32F3xx_HAL_Driver/Inc -IC:/Users/nmazzilli24/STM32Cube/Repository/STM32Cube_FW_F3_V1.10.0/Drivers/CMSIS/Include -IC:/Users/nmazzilli24/STM32Cube/Repository/STM32Cube_FW_F3_V1.10.0/Drivers/CMSIS/Device/ST/STM32F3xx/Include -O0 -ffunction-sections -fdata-sections -Wall -fstack-usage -MMD -MP -MF"Drivers/STM32F3xx_HAL_Driver/stm32f3xx_hal_tim_ex.d" -MT"Drivers/STM32F3xx_HAL_Driver/stm32f3xx_hal_tim_ex.o" --specs=nano.specs -mfpu=fpv4-sp-d16 -mfloat-abi=hard -mthumb -o "Drivers/STM32F3xx_HAL_Driver/stm32f3xx_hal_tim_ex.o"
arm-none-eabi-gcc "C:/Users/nmazzilli24/STM32Cube/Repository/STM32Cube_FW_F3_V1.10.0/Drivers/STM32F3xx_HAL_Driver/Src/stm32f3xx_hal_uart.c" -mcpu=cortex-m4 -std=gnu11 -g3 -DUSE_HAL_DRIVER -DSTM32F303xE -DDEBUG -c -I../Inc -IC:/Users/nmazzilli24/STM32Cube/Repository/STM32Cube_FW_F3_V1.10.0/Drivers/STM32F3xx_HAL_Driver/Inc/Legacy -IC:/Users/nmazzilli24/STM32Cube/Repository/STM32Cube_FW_F3_V1.10.0/Drivers/STM32F3xx_HAL_Driver/Inc -IC:/Users/nmazzilli24/STM32Cube/Repository/STM32Cube_FW_F3_V1.10.0/Drivers/CMSIS/Include -IC:/Users/nmazzilli24/STM32Cube/Repository/STM32Cube_FW_F3_V1.10.0/Drivers/CMSIS/Device/ST/STM32F3xx/Include -O0 -ffunction-sections -fdata-sections -Wall -fstack-usage -MMD -MP -MF"Drivers/STM32F3xx_HAL_Driver/stm32f3xx_hal_uart.d" -MT"Drivers/STM32F3xx_HAL_Driver/stm32f3xx_hal_uart.o" --specs=nano.specs -mfpu=fpv4-sp-d16 -mfloat-abi=hard -mthumb -o "Drivers/STM32F3xx_HAL_Driver/stm32f3xx_hal_uart.o"
arm-none-eabi-gcc "C:/Users/nmazzilli24/STM32Cube/Repository/STM32Cube_FW_F3_V1.10.0/Drivers/STM32F3xx_HAL_Driver/Src/stm32f3xx_hal_uart_ex.c" -mcpu=cortex-m4 -std=gnu11 -g3 -DUSE_HAL_DRIVER -DSTM32F303xE -DDEBUG -c -I../Inc -IC:/Users/nmazzilli24/STM32Cube/Repository/STM32Cube_FW_F3_V1.10.0/Drivers/STM32F3xx_HAL_Driver/Inc/Legacy -IC:/Users/nmazzilli24/STM32Cube/Repository/STM32Cube_FW_F3_V1.10.0/Drivers/STM32F3xx_HAL_Driver/Inc -IC:/Users/nmazzilli24/STM32Cube/Repository/STM32Cube_FW_F3_V1.10.0/Drivers/CMSIS/Include -IC:/Users/nmazzilli24/STM32Cube/Repository/STM32Cube_FW_F3_V1.10.0/Drivers/CMSIS/Device/ST/STM32F3xx/Include -O0 -ffunction-sections -fdata-sections -Wall -fstack-usage -MMD -MP -MF"Drivers/STM32F3xx_HAL_Driver/stm32f3xx_hal_uart_ex.d" -MT"Drivers/STM32F3xx_HAL_Driver/stm32f3xx_hal_uart_ex.o" --specs=nano.specs -mfpu=fpv4-sp-d16 -mfloat-abi=hard -mthumb -o "Drivers/STM32F3xx_HAL_Driver/stm32f3xx_hal_uart_ex.o"
arm-none-eabi-gcc -o "Application.elf" @"objects.list"   -mcpu=cortex-m4 -T"C:\Users\nmazzilli24\Documents\STM_BootLoader\Dev_Application\Application\STM32F303RETX_FLASH.ld" --specs=nosys.specs -Wl,-Map="Application.map" -Wl,--gc-sections -static --specs=nano.specs -mfpu=fpv4-sp-d16 -mfloat-abi=hard -mthumb -Wl,--start-group -lc -lm -Wl,--end-group
Finished building target: Application.elf
 
arm-none-eabi-size   Application.elf 
arm-none-eabi-objdump -h -S  Application.elf  > "Application.list"
arm-none-eabi-objcopy  -O binary  Application.elf  "Application.bin"
   text	   data	    bss	    dec	    hex	filename
  14448	    152	   1736	  16336	   3fd0	Application.elf
Finished building: default.size.stdout
 
Finished building: Application.bin
 
Finished building: Application.list
 
arm-none-eabi-objcopy -O ihex Application.elf Application.hex
 
17:41:50 **** Incremental Build of configuration Debug for project Application ****
make -j4 all 
arm-none-eabi-size   Application.elf 
   text	   data	    bss	    dec	    hex	filename
  14448	    152	   1736	  16336	   3fd0	Application.elf
Finished building: default.size.stdout
 
arm-none-eabi-objcopy -O ihex Application.elf Application.hex
 
17:42:15 **** Incremental Build of configuration Debug for project Application ****
make -j4 all 
arm-none-eabi-size   Application.elf 
   text	   data	    bss	    dec	    hex	filename
  14448	    152	   1736	  16336	   3fd0	Application.elf
Finished building: default.size.stdout
 
arm-none-eabi-objcopy -O ihex Application.elf Application.hex
 
