Archive member included to satisfy reference by file (symbol)

c:/st/stm32cubeide_1.0.0/stm32cubeide/plugins/com.st.stm32cube.ide.mcu.externaltools.gnu-tools-for-stm32.7-2018-q2-update.win32_1.4.0.202007081208/tools/bin/../lib/gcc/arm-none-eabi/7.3.1/../../../../arm-none-eabi/lib/thumb/v7e-m/fpv4-sp/hard\libc_nano.a(lib_a-errno.o)
                              Src/syscalls.o (__errno)
c:/st/stm32cubeide_1.0.0/stm32cubeide/plugins/com.st.stm32cube.ide.mcu.externaltools.gnu-tools-for-stm32.7-2018-q2-update.win32_1.4.0.202007081208/tools/bin/../lib/gcc/arm-none-eabi/7.3.1/../../../../arm-none-eabi/lib/thumb/v7e-m/fpv4-sp/hard\libc_nano.a(lib_a-exit.o)
                              c:/st/stm32cubeide_1.0.0/stm32cubeide/plugins/com.st.stm32cube.ide.mcu.externaltools.gnu-tools-for-stm32.7-2018-q2-update.win32_1.4.0.202007081208/tools/bin/../lib/gcc/arm-none-eabi/7.3.1/../../../../arm-none-eabi/lib/thumb/v7e-m/fpv4-sp/hard/crt0.o (exit)
c:/st/stm32cubeide_1.0.0/stm32cubeide/plugins/com.st.stm32cube.ide.mcu.externaltools.gnu-tools-for-stm32.7-2018-q2-update.win32_1.4.0.202007081208/tools/bin/../lib/gcc/arm-none-eabi/7.3.1/../../../../arm-none-eabi/lib/thumb/v7e-m/fpv4-sp/hard\libc_nano.a(lib_a-impure.o)
                              c:/st/stm32cubeide_1.0.0/stm32cubeide/plugins/com.st.stm32cube.ide.mcu.externaltools.gnu-tools-for-stm32.7-2018-q2-update.win32_1.4.0.202007081208/tools/bin/../lib/gcc/arm-none-eabi/7.3.1/../../../../arm-none-eabi/lib/thumb/v7e-m/fpv4-sp/hard\libc_nano.a(lib_a-exit.o) (_global_impure_ptr)
c:/st/stm32cubeide_1.0.0/stm32cubeide/plugins/com.st.stm32cube.ide.mcu.externaltools.gnu-tools-for-stm32.7-2018-q2-update.win32_1.4.0.202007081208/tools/bin/../lib/gcc/arm-none-eabi/7.3.1/../../../../arm-none-eabi/lib/thumb/v7e-m/fpv4-sp/hard\libc_nano.a(lib_a-init.o)
                              c:/st/stm32cubeide_1.0.0/stm32cubeide/plugins/com.st.stm32cube.ide.mcu.externaltools.gnu-tools-for-stm32.7-2018-q2-update.win32_1.4.0.202007081208/tools/bin/../lib/gcc/arm-none-eabi/7.3.1/../../../../arm-none-eabi/lib/thumb/v7e-m/fpv4-sp/hard/crt0.o (__libc_init_array)
c:/st/stm32cubeide_1.0.0/stm32cubeide/plugins/com.st.stm32cube.ide.mcu.externaltools.gnu-tools-for-stm32.7-2018-q2-update.win32_1.4.0.202007081208/tools/bin/../lib/gcc/arm-none-eabi/7.3.1/../../../../arm-none-eabi/lib/thumb/v7e-m/fpv4-sp/hard\libc_nano.a(lib_a-memset.o)
                              c:/st/stm32cubeide_1.0.0/stm32cubeide/plugins/com.st.stm32cube.ide.mcu.externaltools.gnu-tools-for-stm32.7-2018-q2-update.win32_1.4.0.202007081208/tools/bin/../lib/gcc/arm-none-eabi/7.3.1/../../../../arm-none-eabi/lib/thumb/v7e-m/fpv4-sp/hard/crt0.o (memset)
c:/st/stm32cubeide_1.0.0/stm32cubeide/plugins/com.st.stm32cube.ide.mcu.externaltools.gnu-tools-for-stm32.7-2018-q2-update.win32_1.4.0.202007081208/tools/bin/../lib/gcc/arm-none-eabi/7.3.1/../../../../arm-none-eabi/lib/thumb/v7e-m/fpv4-sp/hard\libc_nano.a(lib_a-strlen.o)
                              Src/main.o (strlen)
c:/st/stm32cubeide_1.0.0/stm32cubeide/plugins/com.st.stm32cube.ide.mcu.externaltools.gnu-tools-for-stm32.7-2018-q2-update.win32_1.4.0.202007081208/tools/bin/../lib/gcc/arm-none-eabi/7.3.1/../../../../arm-none-eabi/lib/thumb/v7e-m/fpv4-sp/hard\libc_nano.a(lib_a-vsprintf.o)
                              Src/main.o (vsprintf)
c:/st/stm32cubeide_1.0.0/stm32cubeide/plugins/com.st.stm32cube.ide.mcu.externaltools.gnu-tools-for-stm32.7-2018-q2-update.win32_1.4.0.202007081208/tools/bin/../lib/gcc/arm-none-eabi/7.3.1/../../../../arm-none-eabi/lib/thumb/v7e-m/fpv4-sp/hard\libc_nano.a(lib_a-nano-svfprintf.o)
                              c:/st/stm32cubeide_1.0.0/stm32cubeide/plugins/com.st.stm32cube.ide.mcu.externaltools.gnu-tools-for-stm32.7-2018-q2-update.win32_1.4.0.202007081208/tools/bin/../lib/gcc/arm-none-eabi/7.3.1/../../../../arm-none-eabi/lib/thumb/v7e-m/fpv4-sp/hard\libc_nano.a(lib_a-vsprintf.o) (_svfprintf_r)
c:/st/stm32cubeide_1.0.0/stm32cubeide/plugins/com.st.stm32cube.ide.mcu.externaltools.gnu-tools-for-stm32.7-2018-q2-update.win32_1.4.0.202007081208/tools/bin/../lib/gcc/arm-none-eabi/7.3.1/../../../../arm-none-eabi/lib/thumb/v7e-m/fpv4-sp/hard\libc_nano.a(lib_a-nano-vfprintf_i.o)
                              c:/st/stm32cubeide_1.0.0/stm32cubeide/plugins/com.st.stm32cube.ide.mcu.externaltools.gnu-tools-for-stm32.7-2018-q2-update.win32_1.4.0.202007081208/tools/bin/../lib/gcc/arm-none-eabi/7.3.1/../../../../arm-none-eabi/lib/thumb/v7e-m/fpv4-sp/hard\libc_nano.a(lib_a-nano-svfprintf.o) (_printf_i)
c:/st/stm32cubeide_1.0.0/stm32cubeide/plugins/com.st.stm32cube.ide.mcu.externaltools.gnu-tools-for-stm32.7-2018-q2-update.win32_1.4.0.202007081208/tools/bin/../lib/gcc/arm-none-eabi/7.3.1/../../../../arm-none-eabi/lib/thumb/v7e-m/fpv4-sp/hard\libc_nano.a(lib_a-memchr.o)
[...]
Memory Configuration

Name             Origin             Length             Attributes
FLASH            0x0000000008000000 0x0000000000080000 xr
CCMRAM           0x0000000010000000 0x0000000000004000 xrw
RAM              0x0000000020000000 0x0000000000010000 xrw
*default*        0x0000000000000000 0xffffffffffffffff

Linker script and memory map

LOAD c:/st/stm32cubeide_1.0.0/stm32cubeide/plugins/com.st.stm32cube.ide.mcu.externaltools.gnu-tools-for-stm32.7-2018-q2-update.win32_1.4.0.202007081208/tools/bin/../lib/gcc/arm-none-eabi/7.3.1/thumb/v7e-m/fpv4-sp/hard/crti.o
LOAD c:/st/stm32cubeide_1.0.0/stm32cubeide/plugins/com.st.stm32cube.ide.mcu.externaltools.gnu-tools-for-stm32.7-2018-q2-update.win32_1.4.0.202007081208/tools/bin/../lib/gcc/arm-none-eabi/7.3.1/thumb/v7e-m/fpv4-sp/hard/crtbegin.o
LOAD c:/st/stm32cubeide_1.0.0/stm32cubeide/plugins/com.st.stm32cube.ide.mcu.externaltools.gnu-tools-for-stm32.7-2018-q2-update.win32_1.4.0.202007081208/tools/bin/../lib/gcc/arm-none-eabi/7.3.1/../../../../arm-none-eabi/lib/thumb/v7e-m/fpv4-sp/hard/crt0.o
LOAD Drivers/STM32F3xx_HAL_Driver/stm32f3xx_hal.o
LOAD Drivers/STM32F3xx_HAL_Driver/stm32f3xx_hal_cortex.o
LOAD Drivers/STM32F3xx_HAL_Driver/stm32f3xx_hal_crc.o
LOAD Drivers/STM32F3xx_HAL_Driver/stm32f3xx_hal_crc_ex.o
LOAD Drivers/STM32F3xx_HAL_Driver/stm32f3xx_hal_dma.o
LOAD Drivers/STM32F3xx_HAL_Driver/stm32f3xx_hal_flash.o
LOAD Drivers/STM32F3xx_HAL_Driver/stm32f3xx_hal_flash_ex.o
LOAD Drivers/STM32F3xx_HAL_Driver/stm32f3xx_hal_gpio.o
LOAD Drivers/STM32F3xx_HAL_Driver/stm32f3xx_hal_i2c.o
LOAD Drivers/STM32F3xx_HAL_Driver/stm32f3xx_hal_i2c_ex.o
LOAD Drivers/STM32F3xx_HAL_Driver/stm32f3xx_hal_pwr.o
LOAD Drivers/STM32F3xx_HAL_Driver/stm32f3xx_hal_pwr_ex.o
LOAD Drivers/STM32F3xx_HAL_Driver/stm32f3xx_hal_rcc.o
LOAD Drivers/STM32F3xx_HAL_Driver/stm32f3xx_hal_rcc_ex.o
LOAD Drivers/STM32F3xx_HAL_Driver/stm32f3xx_hal_tim.o
LOAD Drivers/STM32F3xx_HAL_Driver/stm32f3xx_hal_tim_ex.o
LOAD Drivers/STM32F3xx_HAL_Driver/stm32f3xx_hal_uart.o
LOAD Drivers/STM32F3xx_HAL_Driver/stm32f3xx_hal_uart_ex.o
LOAD Src/main.o
LOAD Src/stm32f3xx_hal_msp.o
LOAD Src/stm32f3xx_it.o
LOAD Src/syscalls.o
LOAD Src/sysmem.o
LOAD Src/system_stm32f3xx.o
LOAD Startup/startup_stm32f303retx.o
START GROUP
LOAD c:/st/stm32cubeide_1.0.0/stm32cubeide/plugins/com.st.stm32cube.ide.mcu.externaltools.gnu-tools-for-stm32.7-2018-q2-update.win32_1.4.0.202007081208/tools/bin/../lib/gcc/arm-none-eabi/7.3.1/../../../../arm-none-eabi/lib/thumb/v7e-m/fpv4-sp/hard\libc_nano.a
LOAD c:/st/stm32cubeide_1.0.0/stm32cubeide/plugins/com.st.stm32cube.ide.mcu.externaltools.gnu-tools-for-stm32.7-2018-q2-update.win32_1.4.0.202007081208/tools/bin/../lib/gcc/arm-none-eabi/7.3.1/../../../../arm-none-eabi/lib/thumb/v7e-m/fpv4-sp/hard\libm.a
END GROUP
START GROUP
LOAD c:/st/stm32cubeide_1.0.0/stm32cubeide/plugins/com.st.stm32cube.ide.mcu.externaltools.gnu-tools-for-stm32.7-2018-q2-update.win32_1.4.0.202007081208/tools/bin/../lib/gcc/arm-none-eabi/7.3.1/thumb/v7e-m/fpv4-sp/hard\libgcc.a
LOAD c:/st/stm32cubeide_1.0.0/stm32cubeide/plugins/com.st.stm32cube.ide.mcu.externaltools.gnu-tools-for-stm32.7-2018-q2-update.win32_1.4.0.202007081208/tools/bin/../lib/gcc/arm-none-eabi/7.3.1/../../../../arm-none-eabi/lib/thumb/v7e-m/fpv4-sp/hard\libc_nano.a
END GROUP
START GROUP
LOAD c:/st/stm32cubeide_1.0.0/stm32cubeide/plugins/com.st.stm32cube.ide.mcu.externaltools.gnu-tools-for-stm32.7-2018-q2-update.win32_1.4.0.202007081208/tools/bin/../lib/gcc/arm-none-eabi/7.3.1/thumb/v7e-m/fpv4-sp/hard\libgcc.a
LOAD c:/st/stm32cubeide_1.0.0/stm32cubeide/plugins/com.st.stm32cube.ide.mcu.externaltools.gnu-tools-for-stm32.7-2018-q2-update.win32_1.4.0.202007081208/tools/bin/../lib/gcc/arm-none-eabi/7.3.1/../../../../arm-none-eabi/lib/thumb/v7e-m/fpv4-sp/hard\libc_nano.a
LOAD c:/st/stm32cubeide_1.0.0/stm32cubeide/plugins/com.st.stm32cube.ide.mcu.externaltools.gnu-tools-for-stm32.7-2018-q2-update.win32_1.4.0.202007081208/tools/bin/../lib/gcc/arm-none-eabi/7.3.1/../../../../arm-none-eabi/lib/thumb/v7e-m/fpv4-sp/hard\libnosys.a
END GROUP
START GROUP
LOAD c:/st/stm32cubeide_1.0.0/stm32cubeide/plugins/com.st.stm32cube.ide.mcu.externaltools.gnu-tools-for-stm32.7-2018-q2-update.win32_1.4.0.202007081208/tools/bin/../lib/gcc/arm-none-eabi/7.3.1/thumb/v7e-m/fpv4-sp/hard\libgcc.a
LOAD c:/st/stm32cubeide_1.0.0/stm32cubeide/plugins/com.st.stm32cube.ide.mcu.externaltools.gnu-tools-for-stm32.7-2018-q2-update.win32_1.4.0.202007081208/tools/bin/../lib/gcc/arm-none-eabi/7.3.1/../../../../arm-none-eabi/lib/thumb/v7e-m/fpv4-sp/hard\libc_nano.a
LOAD c:/st/stm32cubeide_1.0.0/stm32cubeide/plugins/com.st.stm32cube.ide.mcu.externaltools.gnu-tools-for-stm32.7-2018-q2-update.win32_1.4.0.202007081208/tools/bin/../lib/gcc/arm-none-eabi/7.3.1/../../../../arm-none-eabi/lib/thumb/v7e-m/fpv4-sp/hard\libnosys.a
END GROUP
LOAD c:/st/stm32cubeide_1.0.0/stm32cubeide/plugins/com.st.stm32cube.ide.mcu.externaltools.gnu-tools-for-stm32.7-2018-q2-update.win32_1.4.0.202007081208/tools/bin/../lib/gcc/arm-none-eabi/7.3.1/thumb/v7e-m/fpv4-sp/hard/crtend.o
LOAD c:/st/stm32cubeide_1.0.0/stm32cubeide/plugins/com.st.stm32cube.ide.mcu.externaltools.gnu-tools-for-stm32.7-2018-q2-update.win32_1.4.0.202007081208/tools/bin/../lib/gcc/arm-none-eabi/7.3.1/thumb/v7e-m/fpv4-sp/hard/crtn.o
                0x000000002000ffff                _estack = 0x2000ffff
                0x0000000000000200                _Min_Heap_Size = 0x200
                0x0000000000000400                _Min_Stack_Size = 0x400

.isr_vector     0x0000000008000000      0x194
                0x0000000008000000                . = ALIGN (0x4)
 *(.isr_vector)
 .isr_vector    0x0000000008000000      0x194 Startup/startup_stm32f303retx.o
                0x0000000008000000                g_pfnVectors
                0x0000000008000194                . = ALIGN (0x4)

.text           0x00000000080001a0     0x4b34
                0x00000000080001a0                . = ALIGN (0x4)
 *(.text)
 .text          0x00000000080001a0       0x40 c:/st/stm32cubeide_1.0.0/stm32cubeide/plugins/com.st.stm32cube.ide.mcu.externaltools.gnu-tools-for-stm32.7-2018-q2-update.win32_1.4.0.202007081208/tools/bin/../lib/gcc/arm-none-eabi/7.3.1/thumb/v7e-m/fpv4-sp/hard/crtbegin.o
 .text          0x00000000080001e0       0x10 c:/st/stm32cubeide_1.0.0/stm32cubeide/plugins/com.st.stm32cube.ide.mcu.externaltools.gnu-tools-for-stm32.7-2018-q2-update.win32_1.4.0.202007081208/tools/bin/../lib/gcc/arm-none-eabi/7.3.1/../../../../arm-none-eabi/lib/thumb/v7e-m/fpv4-sp/hard\libc_nano.a(lib_a-strlen.o)
                0x00000000080001e0                strlen
 .text          0x00000000080001f0       0xa0 c:/st/stm32cubeide_1.0.0/stm32cubeide/plugins/com.st.stm32cube.ide.mcu.externaltools.gnu-tools-for-stm32.7-2018-q2-update.win32_1.4.0.202007081208/tools/bin/../lib/gcc/arm-none-eabi/7.3.1/../../../../arm-none-eabi/lib/thumb/v7e-m/fpv4-sp/hard\libc_nano.a(lib_a-memchr.o)
                0x00000000080001f0                memchr
 *(.text*)
 .text.HAL_Init
                0x0000000008000290       0x2c Drivers/STM32F3xx_HAL_Driver/stm32f3xx_hal.o
                0x0000000008000290                HAL_Init
 .text.HAL_InitTick
                0x00000000080002bc       0x60 Drivers/STM32F3xx_HAL_Driver/stm32f3xx_hal.o
                0x00000000080002bc                HAL_InitTick
 .text.HAL_IncTick
                0x000000000800031c       0x28 Drivers/STM32F3xx_HAL_Driver/stm32f3xx_hal.o
                0x000000000800031c                HAL_IncTick
 .text.HAL_GetTick
                0x0000000008000344       0x18 Drivers/STM32F3xx_HAL_Driver/stm32f3xx_hal.o
                0x0000000008000344                HAL_GetTick
 .text.NVIC_SetPriorityGrouping
                0x000000000800035c       0x48 Drivers/STM32F3xx_HAL_Driver/stm32f3xx_hal_cortex.o
 .text.NVIC_GetPriorityGrouping
                0x00000000080003a4       0x1c Drivers/STM32F3xx_HAL_Driver/stm32f3xx_hal_cortex.o
 .text.NVIC_SetPriority
                0x00000000080003c0       0x54 Drivers/STM32F3xx_HAL_Driver/stm32f3xx_hal_cortex.o
 .text.NVIC_EncodePriority
                0x0000000008000414       0x66 Drivers/STM32F3xx_HAL_Driver/stm32f3xx_hal_cortex.o
 *fill*         0x000000000800047a        0x2 
 .text.SysTick_Config
                0x000000000800047c       0x44 Drivers/STM32F3xx_HAL_Driver/stm32f3xx_hal_cortex.o
 .text.HAL_NVIC_SetPriorityGrouping
                0x00000000080004c0       0x16 Drivers/STM32F3xx_HAL_Driver/stm32f3xx_hal_cortex.o
                0x00000000080004c0                HAL_NVIC_SetPriorityGrouping
 .text.HAL_NVIC_SetPriority
                0x00000000080004d6       0x38 Drivers/STM32F3xx_HAL_Driver/stm32f3xx_hal_cortex.o
                0x00000000080004d6                HAL_NVIC_SetPriority
 .text.HAL_SYSTICK_Config
                0x000000000800050e       0x18 Drivers/STM32F3xx_HAL_Driver/stm32f3xx_hal_cortex.o
                0x000000000800050e                HAL_SYSTICK_Config
 *fill*         0x0000000008000526        0x2 
 .text.HAL_CRC_Init
                0x0000000008000528       0xc8 Drivers/STM32F3xx_HAL_Driver/stm32f3xx_hal_crc.o
                0x0000000008000528                HAL_CRC_Init
 .text.HAL_CRC_Accumulate
                0x00000000080005f0       0x9e Drivers/STM32F3xx_HAL_Driver/stm32f3xx_hal_crc.o
                0x00000000080005f0                HAL_CRC_Accumulate
 .text.CRC_Handle_8
                0x000000000800068e      0x114 Drivers/STM32F3xx_HAL_Driver/stm32f3xx_hal_crc.o
 .text.CRC_Handle_16
                0x00000000080007a2       0x74 Drivers/STM32F3xx_HAL_Driver/stm32f3xx_hal_crc.o
 *fill*         0x0000000008000816        0x2 
 .text.HAL_CRCEx_Polynomial_Set
                0x0000000008000818       0xf4 Drivers/STM32F3xx_HAL_Driver/stm32f3xx_hal_crc_ex.o
                0x0000000008000818                HAL_CRCEx_Polynomial_Set
 .text.HAL_FLASH_Program
                0x000000000800090c       0xe0 Drivers/STM32F3xx_HAL_Driver/stm32f3xx_hal_flash.o
                0x000000000800090c                HAL_FLASH_Program
 .text.HAL_FLASH_Unlock
                0x00000000080009ec       0x4c Drivers/STM32F3xx_HAL_Driver/stm32f3xx_hal_flash.o
                0x00000000080009ec                HAL_FLASH_Unlock
 .text.HAL_FLASH_Lock
                0x0000000008000a38       0x20 Drivers/STM32F3xx_HAL_Driver/stm32f3xx_hal_flash.o
                0x0000000008000a38                HAL_FLASH_Lock
 .text.HAL_FLASH_OB_Unlock
                0x0000000008000a58       0x38 Drivers/STM32F3xx_HAL_Driver/stm32f3xx_hal_flash.o
                0x0000000008000a58                HAL_FLASH_OB_Unlock
 .text.HAL_FLASH_OB_Lock
                0x0000000008000a90       0x20 Drivers/STM32F3xx_HAL_Driver/stm32f3xx_hal_flash.o
                0x0000000008000a90                HAL_FLASH_OB_Lock
 .text.FLASH_Program_HalfWord
                0x0000000008000ab0       0x38 Drivers/STM32F3xx_HAL_Driver/stm32f3xx_hal_flash.o
 .text.FLASH_WaitForLastOperation
                0x0000000008000ae8       0x80 Drivers/STM32F3xx_HAL_Driver/stm32f3xx_hal_flash.o
                0x0000000008000ae8                FLASH_WaitForLastOperation
 .text.FLASH_SetErrorCode
                0x0000000008000b68       0x64 Drivers/STM32F3xx_HAL_Driver/stm32f3xx_hal_flash.o
 .text.HAL_FLASHEx_Erase
                0x0000000008000bcc       0xd4 Drivers/STM32F3xx_HAL_Driver/stm32f3xx_hal_flash_ex.o
                0x0000000008000bcc                HAL_FLASHEx_Erase
 .text.HAL_FLASHEx_OBGetConfig
                0x0000000008000ca0       0x38 Drivers/STM32F3xx_HAL_Driver/stm32f3xx_hal_flash_ex.o
                0x0000000008000ca0                HAL_FLASHEx_OBGetConfig
 .text.FLASH_MassErase
                0x0000000008000cd8       0x34 Drivers/STM32F3xx_HAL_Driver/stm32f3xx_hal_flash_ex.o
 .text.FLASH_OB_GetWRP
                0x0000000008000d0c       0x18 Drivers/STM32F3xx_HAL_Driver/stm32f3xx_hal_flash_ex.o
 .text.FLASH_OB_GetRDP
                0x0000000008000d24       0x3c Drivers/STM32F3xx_HAL_Driver/stm32f3xx_hal_flash_ex.o
 .text.FLASH_OB_GetUser
                0x0000000008000d60       0x38 Drivers/STM32F3xx_HAL_Driver/stm32f3xx_hal_flash_ex.o
 .text.FLASH_PageErase
                0x0000000008000d98       0x40 Drivers/STM32F3xx_HAL_Driver/stm32f3xx_hal_flash_ex.o
                0x0000000008000d98                FLASH_PageErase
 .text.HAL_GPIO_Init
                0x0000000008000dd8      0x31c Drivers/STM32F3xx_HAL_Driver/stm32f3xx_hal_gpio.o
                0x0000000008000dd8                HAL_GPIO_Init
 .text.HAL_GPIO_ReadPin
                0x00000000080010f4       0x30 Drivers/STM32F3xx_HAL_Driver/stm32f3xx_hal_gpio.o
                0x00000000080010f4                HAL_GPIO_ReadPin
 .text.HAL_GPIO_WritePin
                0x0000000008001124       0x30 Drivers/STM32F3xx_HAL_Driver/stm32f3xx_hal_gpio.o
                0x0000000008001124                HAL_GPIO_WritePin
 .text.HAL_RCC_OscConfig
                0x0000000008001154      0xddc Drivers/STM32F3xx_HAL_Driver/stm32f3xx_hal_rcc.o
                0x0000000008001154                HAL_RCC_OscConfig
 .text.HAL_RCC_ClockConfig
                0x0000000008001f30      0x2f8 Drivers/STM32F3xx_HAL_Driver/stm32f3xx_hal_rcc.o
                0x0000000008001f30                HAL_RCC_ClockConfig
 .text.HAL_RCC_GetSysClockFreq
                0x0000000008002228       0xd4 Drivers/STM32F3xx_HAL_Driver/stm32f3xx_hal_rcc.o
                0x0000000008002228                HAL_RCC_GetSysClockFreq
 .text.HAL_RCC_GetHCLKFreq
                0x00000000080022fc       0x18 Drivers/STM32F3xx_HAL_Driver/stm32f3xx_hal_rcc.o
                0x00000000080022fc                HAL_RCC_GetHCLKFreq
 .text.HAL_RCC_GetPCLK1Freq
                0x0000000008002314       0x44 Drivers/STM32F3xx_HAL_Driver/stm32f3xx_hal_rcc.o
                0x0000000008002314                HAL_RCC_GetPCLK1Freq
 .text.HAL_RCC_GetPCLK2Freq
                0x0000000008002358       0x44 Drivers/STM32F3xx_HAL_Driver/stm32f3xx_hal_rcc.o
                0x0000000008002358                HAL_RCC_GetPCLK2Freq
 .text.HAL_RCCEx_PeriphCLKConfig
                0x000000000800239c      0x438 Drivers/STM32F3xx_HAL_Driver/stm32f3xx_hal_rcc_ex.o
                0x000000000800239c                HAL_RCCEx_PeriphCLKConfig
 .text.HAL_UART_Init
                0x00000000080027d4       0xa2 Drivers/STM32F3xx_HAL_Driver/stm32f3xx_hal_uart.o
                0x00000000080027d4                HAL_UART_Init
 .text.HAL_UART_Transmit
                0x0000000008002876      0x11a Drivers/STM32F3xx_HAL_Driver/stm32f3xx_hal_uart.o
                0x0000000008002876                HAL_UART_Transmit
 .text.HAL_UART_Receive
                0x0000000008002990      0x186 Drivers/STM32F3xx_HAL_Driver/stm32f3xx_hal_uart.o
                0x0000000008002990                HAL_UART_Receive
 *fill*         0x0000000008002b16        0x2 
 .text.UART_SetConfig
                0x0000000008002b18      0x3fc Drivers/STM32F3xx_HAL_Driver/stm32f3xx_hal_uart.o
                0x0000000008002b18                UART_SetConfig
 .text.UART_AdvFeatureConfig
                0x0000000008002f14      0x144 Drivers/STM32F3xx_HAL_Driver/stm32f3xx_hal_uart.o
                0x0000000008002f14                UART_AdvFeatureConfig
 .text.UART_CheckIdleState
                0x0000000008003058       0x92 Drivers/STM32F3xx_HAL_Driver/stm32f3xx_hal_uart.o
                0x0000000008003058                UART_CheckIdleState
 .text.UART_WaitOnFlagUntilTimeout
                0x00000000080030ea       0x94 Drivers/STM32F3xx_HAL_Driver/stm32f3xx_hal_uart.o
                0x00000000080030ea                UART_WaitOnFlagUntilTimeout
 .text.init_debounce_struct_t
                0x000000000800317e       0x26 Src/main.o
                0x000000000800317e                init_debounce_struct_t
 .text.main     0x00000000080031a4       0x50 Src/main.o
                0x00000000080031a4                main
 .text.SystemClock_Config
                0x00000000080031f4       0xa4 Src/main.o
                0x00000000080031f4                SystemClock_Config
 .text.MX_CRC_Init
                0x0000000008003298       0x54 Src/main.o
 .text.MX_USART2_UART_Init
                0x00000000080032ec       0x60 Src/main.o
 .text.MX_GPIO_Init
                0x000000000800334c       0x9c Src/main.o
 .text.printmsg
                0x00000000080033e8       0x4c Src/main.o
 .text.bootloader_handle_getver_cmd
                0x0000000008003434       0x70 Src/main.o
                0x0000000008003434                bootloader_handle_getver_cmd
 .text.bootloader_handle_gethelp_cmd
                0x00000000080034a4       0x5c Src/main.o
                0x00000000080034a4                bootloader_handle_gethelp_cmd
 .text.bootloader_handle_getcid_cmd
                0x0000000008003500       0x70 Src/main.o
                0x0000000008003500                bootloader_handle_getcid_cmd
 .text.bootloader_handle_getrdp_cmd
                0x0000000008003570       0x68 Src/main.o
                0x0000000008003570                bootloader_handle_getrdp_cmd
 .text.bootloader_handle_go_cmd
                0x00000000080035d8       0x98 Src/main.o
                0x00000000080035d8                bootloader_handle_go_cmd
 .text.bootloader_handle_flash_erase_cmd
                0x0000000008003670       0x90 Src/main.o
                0x0000000008003670                bootloader_handle_flash_erase_cmd
 .text.bootloader_handle_mem_write_cmd
                0x0000000008003700       0xd0 Src/main.o
                0x0000000008003700                bootloader_handle_mem_write_cmd
 .text.bootloader_handle_en_rw_protect
                0x00000000080037d0       0x78 Src/main.o
                0x00000000080037d0                bootloader_handle_en_rw_protect
 .text.bootloader_handle_dis_rw_protect
                0x0000000008003848       0x6c Src/main.o
                0x0000000008003848                bootloader_handle_dis_rw_protect
 .text.bootloader_handle_mem_read
                0x00000000080038b4       0x14 Src/main.o
                0x00000000080038b4                bootloader_handle_mem_read
 .text.bootloader_handle_read_sector_protection_status
                0x00000000080038c8       0x64 Src/main.o
                0x00000000080038c8                bootloader_handle_read_sector_protection_status
 .text.bootloader_handle_read_otp
                0x000000000800392c       0x14 Src/main.o
                0x000000000800392c                bootloader_handle_read_otp
 .text.bootloader_send_ack
                0x0000000008003940       0x34 Src/main.o
                0x0000000008003940                bootloader_send_ack
 .text.bootloader_send_nack
                0x0000000008003974       0x24 Src/main.o
                0x0000000008003974                bootloader_send_nack
 .text.bootloader_verify_crc
                0x0000000008003998       0x80 Src/main.o
                0x0000000008003998                bootloader_verify_crc
 .text.bootloader_uart_read_data
                0x0000000008003a18       0xfc Src/main.o
                0x0000000008003a18                bootloader_uart_read_data
 .text.bootloader_jump_to_user_app
                0x0000000008003b14       0x58 Src/main.o
                0x0000000008003b14                bootloader_jump_to_user_app
 .text.bootloader_uart_write_data
                0x0000000008003b6c       0x28 Src/main.o
                0x0000000008003b6c                bootloader_uart_write_data
 .text.get_bootloader_version
                0x0000000008003b94       0x10 Src/main.o
                0x0000000008003b94                get_bootloader_version
 .text.get_mcu_chip_id
                0x0000000008003ba4       0x24 Src/main.o
                0x0000000008003ba4                get_mcu_chip_id
 .text.get_flash_rdp_level
                0x0000000008003bc8       0x28 Src/main.o
                0x0000000008003bc8                get_flash_rdp_level
 .text.verify_address
                0x0000000008003bf0       0x48 Src/main.o
                0x0000000008003bf0                verify_address
 .text.execute_flash_erase
                0x0000000008003c38       0x86 Src/main.o
                0x0000000008003c38                execute_flash_erase
 *fill*         0x0000000008003cbe        0x2 
 .text.execute_mem_write
                0x0000000008003cc0       0xf4 Src/main.o
                0x0000000008003cc0                execute_mem_write
 .text.page_details_to_2pages
                0x0000000008003db4      0x162 Src/main.o
                0x0000000008003db4                page_details_to_2pages
 *fill*         0x0000000008003f16        0x2 
 .text.set_flash_rdp_level
                0x0000000008003f18       0x88 Src/main.o
                0x0000000008003f18                set_flash_rdp_level
 .text.disable_write_flash_prot
                0x0000000008003fa0      0x150 Src/main.o
                0x0000000008003fa0                disable_write_flash_prot
 .text.configure_flash_sector_rw_protection
                0x00000000080040f0       0x84 Src/main.o
                0x00000000080040f0                configure_flash_sector_rw_protection
 .text.read_OB_rw_protection_status
                0x0000000008004174       0x22 Src/main.o
                0x0000000008004174                read_OB_rw_protection_status
 .text.Error_Handler
                0x0000000008004196        0xe Src/main.o
                0x0000000008004196                Error_Handler
 .text.HAL_MspInit
                0x00000000080041a4       0x48 Src/stm32f3xx_hal_msp.o
                0x00000000080041a4                HAL_MspInit
 .text.HAL_CRC_MspInit
                0x00000000080041ec       0x40 Src/stm32f3xx_hal_msp.o
                0x00000000080041ec                HAL_CRC_MspInit
 .text.HAL_UART_MspInit
                0x000000000800422c       0x84 Src/stm32f3xx_hal_msp.o
                0x000000000800422c                HAL_UART_MspInit
 .text.NMI_Handler
                0x00000000080042b0        0xe Src/stm32f3xx_it.o
                0x00000000080042b0                NMI_Handler
 .text.HardFault_Handler
                0x00000000080042be        0x6 Src/stm32f3xx_it.o
                0x00000000080042be                HardFault_Handler
 .text.MemManage_Handler
                0x00000000080042c4        0x6 Src/stm32f3xx_it.o
                0x00000000080042c4                MemManage_Handler
 .text.BusFault_Handler
                0x00000000080042ca        0x6 Src/stm32f3xx_it.o
                0x00000000080042ca                BusFault_Handler
 .text.UsageFault_Handler
                0x00000000080042d0        0x6 Src/stm32f3xx_it.o
                0x00000000080042d0                UsageFault_Handler
 .text.SVC_Handler
                0x00000000080042d6        0xe Src/stm32f3xx_it.o
                0x00000000080042d6                SVC_Handler
 .text.DebugMon_Handler
                0x00000000080042e4        0xe Src/stm32f3xx_it.o
                0x00000000080042e4                DebugMon_Handler
 .text.PendSV_Handler
                0x00000000080042f2        0xe Src/stm32f3xx_it.o
                0x00000000080042f2                PendSV_Handler
 .text.SysTick_Handler
                0x0000000008004300        0xc Src/stm32f3xx_it.o
                0x0000000008004300                SysTick_Handler
 .text._sbrk    0x000000000800430c       0x58 Src/sysmem.o
                0x000000000800430c                _sbrk
 .text.SystemInit
                0x0000000008004364       0x94 Src/system_stm32f3xx.o
                0x0000000008004364                SystemInit
 .text.Reset_Handler
                0x00000000080043f8       0x50 Startup/startup_stm32f303retx.o
                0x00000000080043f8                Reset_Handler
 .text.Default_Handler
                0x0000000008004448        0x2 Startup/startup_stm32f303retx.o
                0x0000000008004448                RTC_Alarm_IRQHandler
                0x0000000008004448                TIM8_TRG_COM_IRQHandler
                0x0000000008004448                TIM8_CC_IRQHandler
                0x0000000008004448                SPI4_IRQHandler
                0x0000000008004448                TIM1_CC_IRQHandler
                0x0000000008004448                USB_HP_IRQHandler
                0x0000000008004448                PVD_IRQHandler
                0x0000000008004448                TAMP_STAMP_IRQHandler
                0x0000000008004448                EXTI3_IRQHandler
                0x0000000008004448                I2C3_ER_IRQHandler
                0x0000000008004448                USB_HP_CAN_TX_IRQHandler
                0x0000000008004448                EXTI0_IRQHandler
                0x0000000008004448                I2C2_EV_IRQHandler
                0x0000000008004448                FPU_IRQHandler
                0x0000000008004448                TIM1_UP_TIM16_IRQHandler
                0x0000000008004448                ADC1_2_IRQHandler
                0x0000000008004448                SPI1_IRQHandler
                0x0000000008004448                CAN_SCE_IRQHandler
                0x0000000008004448                TIM6_DAC_IRQHandler
                0x0000000008004448                TIM8_UP_IRQHandler
                0x0000000008004448                DMA2_Channel2_IRQHandler
                0x0000000008004448                DMA1_Channel4_IRQHandler
                0x0000000008004448                TIM20_TRG_COM_IRQHandler
                0x0000000008004448                USART3_IRQHandler
                0x0000000008004448                DMA1_Channel7_IRQHandler
                0x0000000008004448                UART5_IRQHandler
                0x0000000008004448                ADC3_IRQHandler
                0x0000000008004448                TIM4_IRQHandler
                0x0000000008004448                CAN_RX1_IRQHandler
                0x0000000008004448                DMA2_Channel1_IRQHandler
                0x0000000008004448                I2C1_EV_IRQHandler
                0x0000000008004448                DMA1_Channel6_IRQHandler
                0x0000000008004448                UART4_IRQHandler
                0x0000000008004448                DMA2_Channel4_IRQHandler
                0x0000000008004448                TIM3_IRQHandler
                0x0000000008004448                RCC_IRQHandler
                0x0000000008004448                TIM20_UP_IRQHandler
                0x0000000008004448                DMA1_Channel1_IRQHandler
                0x0000000008004448                Default_Handler
                0x0000000008004448                USBWakeUp_RMP_IRQHandler
                0x0000000008004448                EXTI15_10_IRQHandler
                0x0000000008004448                TIM7_IRQHandler
                0x0000000008004448                I2C3_EV_IRQHandler
                0x0000000008004448                EXTI9_5_IRQHandler
                0x0000000008004448                RTC_WKUP_IRQHandler
                0x0000000008004448                SPI2_IRQHandler
                0x0000000008004448                USB_LP_CAN_RX0_IRQHandler
                0x0000000008004448                DMA2_Channel5_IRQHandler
                0x0000000008004448                DMA1_Channel5_IRQHandler
                0x0000000008004448                USB_LP_IRQHandler
                0x0000000008004448                EXTI4_IRQHandler
                0x0000000008004448                TIM1_TRG_COM_TIM17_IRQHandler
                0x0000000008004448                DMA1_Channel3_IRQHandler
                0x0000000008004448                ADC4_IRQHandler
                0x0000000008004448                WWDG_IRQHandler
                0x0000000008004448                TIM2_IRQHandler
                0x0000000008004448                COMP7_IRQHandler
                0x0000000008004448                COMP1_2_3_IRQHandler
                0x0000000008004448                EXTI1_IRQHandler
                0x0000000008004448                USART2_IRQHandler
                0x0000000008004448                COMP4_5_6_IRQHandler
                0x0000000008004448                TIM20_BRK_IRQHandler
                0x0000000008004448                I2C2_ER_IRQHandler
                0x0000000008004448                DMA1_Channel2_IRQHandler
                0x0000000008004448                TIM8_BRK_IRQHandler
                0x0000000008004448                FLASH_IRQHandler
                0x0000000008004448                TIM20_CC_IRQHandler
                0x0000000008004448                USART1_IRQHandler
                0x0000000008004448                SPI3_IRQHandler
                0x0000000008004448                I2C1_ER_IRQHandler
                0x0000000008004448                FMC_IRQHandler
                0x0000000008004448                USBWakeUp_IRQHandler
                0x0000000008004448                DMA2_Channel3_IRQHandler
                0x0000000008004448                EXTI2_TSC_IRQHandler
                0x0000000008004448                TIM1_BRK_TIM15_IRQHandler
 *fill*         0x000000000800444a        0x2 
 .text.__errno  0x000000000800444c        0xc c:/st/stm32cubeide_1.0.0/stm32cubeide/plugins/com.st.stm32cube.ide.mcu.externaltools.gnu-tools-for-stm32.7-2018-q2-update.win32_1.4.0.202007081208/tools/bin/../lib/gcc/arm-none-eabi/7.3.1/../../../../arm-none-eabi/lib/thumb/v7e-m/fpv4-sp/hard\libc_nano.a(lib_a-errno.o)
                0x000000000800444c                __errno
 .text.__libc_init_array
                0x0000000008004458       0x48 c:/st/stm32cubeide_1.0.0/stm32cubeide/plugins/com.st.stm32cube.ide.mcu.externaltools.gnu-tools-for-stm32.7-2018-q2-update.win32_1.4.0.202007081208/tools/bin/../lib/gcc/arm-none-eabi/7.3.1/../../../../arm-none-eabi/lib/thumb/v7e-m/fpv4-sp/hard\libc_nano.a(lib_a-init.o)
                0x0000000008004458                __libc_init_array
 .text.memset   0x00000000080044a0       0x10 c:/st/stm32cubeide_1.0.0/stm32cubeide/plugins/com.st.stm32cube.ide.mcu.externaltools.gnu-tools-for-stm32.7-2018-q2-update.win32_1.4.0.202007081208/tools/bin/../lib/gcc/arm-none-eabi/7.3.1/../../../../arm-none-eabi/lib/thumb/v7e-m/fpv4-sp/hard\libc_nano.a(lib_a-memset.o)
                0x00000000080044a0                memset
 .text._vsprintf_r
                0x00000000080044b0       0x2c c:/st/stm32cubeide_1.0.0/stm32cubeide/plugins/com.st.stm32cube.ide.mcu.externaltools.gnu-tools-for-stm32.7-2018-q2-update.win32_1.4.0.202007081208/tools/bin/../lib/gcc/arm-none-eabi/7.3.1/../../../../arm-none-eabi/lib/thumb/v7e-m/fpv4-sp/hard\libc_nano.a(lib_a-vsprintf.o)
                0x00000000080044b0                _vsprintf_r
                0x00000000080044b0                _vsiprintf_r
 .text.vsprintf
                0x00000000080044dc       0x14 c:/st/stm32cubeide_1.0.0/stm32cubeide/plugins/com.st.stm32cube.ide.mcu.externaltools.gnu-tools-for-stm32.7-2018-q2-update.win32_1.4.0.202007081208/tools/bin/../lib/gcc/arm-none-eabi/7.3.1/../../../../arm-none-eabi/lib/thumb/v7e-m/fpv4-sp/hard\libc_nano.a(lib_a-vsprintf.o)
                0x00000000080044dc                vsiprintf
                0x00000000080044dc                vsprintf
 .text.__ssputs_r
                0x00000000080044f0       0xb4 c:/st/stm32cubeide_1.0.0/stm32cubeide/plugins/com.st.stm32cube.ide.mcu.externaltools.gnu-tools-for-stm32.7-2018-q2-update.win32_1.4.0.202007081208/tools/bin/../lib/gcc/arm-none-eabi/7.3.1/../../../../arm-none-eabi/lib/thumb/v7e-m/fpv4-sp/hard\libc_nano.a(lib_a-nano-svfprintf.o)
                0x00000000080044f0                __ssputs_r
 .text._svfprintf_r
                0x00000000080045a4      0x1f0 c:/st/stm32cubeide_1.0.0/stm32cubeide/plugins/com.st.stm32cube.ide.mcu.externaltools.gnu-tools-for-stm32.7-2018-q2-update.win32_1.4.0.202007081208/tools/bin/../lib/gcc/arm-none-eabi/7.3.1/../../../../arm-none-eabi/lib/thumb/v7e-m/fpv4-sp/hard\libc_nano.a(lib_a-nano-svfprintf.o)
                0x00000000080045a4                _svfiprintf_r
                0x00000000080045a4                _svfprintf_r
 .text._printf_common
                0x0000000008004794       0xea c:/st/stm32cubeide_1.0.0/stm32cubeide/plugins/com.st.stm32cube.ide.mcu.externaltools.gnu-tools-for-stm32.7-2018-q2-update.win32_1.4.0.202007081208/tools/bin/../lib/gcc/arm-none-eabi/7.3.1/../../../../arm-none-eabi/lib/thumb/v7e-m/fpv4-sp/hard\libc_nano.a(lib_a-nano-vfprintf_i.o)
                0x0000000008004794                _printf_common
 *fill*         0x000000000800487e        0x2 
 .text._printf_i
                0x0000000008004880      0x224 c:/st/stm32cubeide_1.0.0/stm32cubeide/plugins/com.st.stm32cube.ide.mcu.externaltools.gnu-tools-for-stm32.7-2018-q2-update.win32_1.4.0.202007081208/tools/bin/../lib/gcc/arm-none-eabi/7.3.1/../../../../arm-none-eabi/lib/thumb/v7e-m/fpv4-sp/hard\libc_nano.a(lib_a-nano-vfprintf_i.o)
                0x0000000008004880                _printf_i
 .text.memcpy   0x0000000008004aa4       0x16 c:/st/stm32cubeide_1.0.0/stm32cubeide/plugins/com.st.stm32cube.ide.mcu.externaltools.gnu-tools-for-stm32.7-2018-q2-update.win32_1.4.0.202007081208/tools/bin/../lib/gcc/arm-none-eabi/7.3.1/../../../../arm-none-eabi/lib/thumb/v7e-m/fpv4-sp/hard\libc_nano.a(lib_a-memcpy-stub.o)
                0x0000000008004aa4                memcpy
 .text.memmove  0x0000000008004aba       0x32 c:/st/stm32cubeide_1.0.0/stm32cubeide/plugins/com.st.stm32cube.ide.mcu.externaltools.gnu-tools-for-stm32.7-2018-q2-update.win32_1.4.0.202007081208/tools/bin/../lib/gcc/arm-none-eabi/7.3.1/../../../../arm-none-eabi/lib/thumb/v7e-m/fpv4-sp/hard\libc_nano.a(lib_a-memmove.o)
                0x0000000008004aba                memmove
 .text._free_r  0x0000000008004aec       0x9c c:/st/stm32cubeide_1.0.0/stm32cubeide/plugins/com.st.stm32cube.ide.mcu.externaltools.gnu-tools-for-stm32.7-2018-q2-update.win32_1.4.0.202007081208/tools/bin/../lib/gcc/arm-none-eabi/7.3.1/../../../../arm-none-eabi/lib/thumb/v7e-m/fpv4-sp/hard\libc_nano.a(lib_a-nano-freer.o)
                0x0000000008004aec                _free_r
 .text._malloc_r
                0x0000000008004b88       0xb4 c:/st/stm32cubeide_1.0.0/stm32cubeide/plugins/com.st.stm32cube.ide.mcu.externaltools.gnu-tools-for-stm32.7-2018-q2-update.win32_1.4.0.202007081208/tools/bin/../lib/gcc/arm-none-eabi/7.3.1/../../../../arm-none-eabi/lib/thumb/v7e-m/fpv4-sp/hard\libc_nano.a(lib_a-nano-mallocr.o)
                0x0000000008004b88                _malloc_r
 .text._realloc_r
                0x0000000008004c3c       0x4c c:/st/stm32cubeide_1.0.0/stm32cubeide/plugins/com.st.stm32cube.ide.mcu.externaltools.gnu-tools-for-stm32.7-2018-q2-update.win32_1.4.0.202007081208/tools/bin/../lib/gcc/arm-none-eabi/7.3.1/../../../../arm-none-eabi/lib/thumb/v7e-m/fpv4-sp/hard\libc_nano.a(lib_a-nano-reallocr.o)
                0x0000000008004c3c                _realloc_r
 .text._sbrk_r  0x0000000008004c88       0x20 c:/st/stm32cubeide_1.0.0/stm32cubeide/plugins/com.st.stm32cube.ide.mcu.externaltools.gnu-tools-for-stm32.7-2018-q2-update.win32_1.4.0.202007081208/tools/bin/../lib/gcc/arm-none-eabi/7.3.1/../../../../arm-none-eabi/lib/thumb/v7e-m/fpv4-sp/hard\libc_nano.a(lib_a-sbrkr.o)
                0x0000000008004c88                _sbrk_r
 .text.__malloc_lock
                0x0000000008004ca8        0x2 c:/st/stm32cubeide_1.0.0/stm32cubeide/plugins/com.st.stm32cube.ide.mcu.externaltools.gnu-tools-for-stm32.7-2018-q2-update.win32_1.4.0.202007081208/tools/bin/../lib/gcc/arm-none-eabi/7.3.1/../../../../arm-none-eabi/lib/thumb/v7e-m/fpv4-sp/hard\libc_nano.a(lib_a-mlock.o)
                0x0000000008004ca8                __malloc_lock
 .text.__malloc_unlock
                0x0000000008004caa        0x2 c:/st/stm32cubeide_1.0.0/stm32cubeide/plugins/com.st.stm32cube.ide.mcu.externaltools.gnu-tools-for-stm32.7-2018-q2-update.win32_1.4.0.202007081208/tools/bin/../lib/gcc/arm-none-eabi/7.3.1/../../../../arm-none-eabi/lib/thumb/v7e-m/fpv4-sp/hard\libc_nano.a(lib_a-mlock.o)
                0x0000000008004caa                __malloc_unlock
 .text._malloc_usable_size_r
                0x0000000008004cac       0x10 c:/st/stm32cubeide_1.0.0/stm32cubeide/plugins/com.st.stm32cube.ide.mcu.externaltools.gnu-tools-for-stm32.7-2018-q2-update.win32_1.4.0.202007081208/tools/bin/../lib/gcc/arm-none-eabi/7.3.1/../../../../arm-none-eabi/lib/thumb/v7e-m/fpv4-sp/hard\libc_nano.a(lib_a-nano-msizer.o)
                0x0000000008004cac                _malloc_usable_size_r
 *(.glue_7)
 .glue_7        0x0000000008004cbc        0x0 linker stubs
 *(.glue_7t)
 .glue_7t       0x0000000008004cbc        0x0 linker stubs
 *(.eh_frame)
 .eh_frame      0x0000000008004cbc        0x0 c:/st/stm32cubeide_1.0.0/stm32cubeide/plugins/com.st.stm32cube.ide.mcu.externaltools.gnu-tools-for-stm32.7-2018-q2-update.win32_1.4.0.202007081208/tools/bin/../lib/gcc/arm-none-eabi/7.3.1/thumb/v7e-m/fpv4-sp/hard/crtbegin.o
 *(.init)
 .init          0x0000000008004cbc        0x4 c:/st/stm32cubeide_1.0.0/stm32cubeide/plugins/com.st.stm32cube.ide.mcu.externaltools.gnu-tools-for-stm32.7-2018-q2-update.win32_1.4.0.202007081208/tools/bin/../lib/gcc/arm-none-eabi/7.3.1/thumb/v7e-m/fpv4-sp/hard/crti.o
                0x0000000008004cbc                _init
 .init          0x0000000008004cc0        0x8 c:/st/stm32cubeide_1.0.0/stm32cubeide/plugins/com.st.stm32cube.ide.mcu.externaltools.gnu-tools-for-stm32.7-2018-q2-update.win32_1.4.0.202007081208/tools/bin/../lib/gcc/arm-none-eabi/7.3.1/thumb/v7e-m/fpv4-sp/hard/crtn.o
 *(.fini)
 .fini          0x0000000008004cc8        0x4 c:/st/stm32cubeide_1.0.0/stm32cubeide/plugins/com.st.stm32cube.ide.mcu.externaltools.gnu-tools-for-stm32.7-2018-q2-update.win32_1.4.0.202007081208/tools/bin/../lib/gcc/arm-none-eabi/7.3.1/thumb/v7e-m/fpv4-sp/hard/crti.o
                0x0000000008004cc8                _fini
 .fini          0x0000000008004ccc        0x8 c:/st/stm32cubeide_1.0.0/stm32cubeide/plugins/com.st.stm32cube.ide.mcu.externaltools.gnu-tools-for-stm32.7-2018-q2-update.win32_1.4.0.202007081208/tools/bin/../lib/gcc/arm-none-eabi/7.3.1/thumb/v7e-m/fpv4-sp/hard/crtn.o
                0x0000000008004cd4                . = ALIGN (0x4)
                0x0000000008004cd4                _etext = .

.vfp11_veneer   0x0000000008004cd4        0x0
 .vfp11_veneer  0x0000000008004cd4        0x0 linker stubs

.v4_bx          0x0000000008004cd4        0x0
 .v4_bx         0x0000000008004cd4        0x0 linker stubs

.iplt           0x0000000008004cd4        0x0
 .iplt          0x0000000008004cd4        0x0 c:/st/stm32cubeide_1.0.0/stm32cubeide/plugins/com.st.stm32cube.ide.mcu.externaltools.gnu-tools-for-stm32.7-2018-q2-update.win32_1.4.0.202007081208/tools/bin/../lib/gcc/arm-none-eabi/7.3.1/thumb/v7e-m/fpv4-sp/hard/crtbegin.o

.rodata         0x0000000008004cd4      0x13c
                0x0000000008004cd4                . = ALIGN (0x4)
 *(.rodata)
 .rodata        0x0000000008004cd4       0xd0 Src/main.o
 *(.rodata*)
 .rodata.aPLLMULFactorTable
                0x0000000008004da4       0x10 Drivers/STM32F3xx_HAL_Driver/stm32f3xx_hal_rcc.o
                0x0000000008004da4                aPLLMULFactorTable
 .rodata.aPredivFactorTable
                0x0000000008004db4       0x10 Drivers/STM32F3xx_HAL_Driver/stm32f3xx_hal_rcc.o
                0x0000000008004db4                aPredivFactorTable
 .rodata.AHBPrescTable
                0x0000000008004dc4       0x10 Src/system_stm32f3xx.o
                0x0000000008004dc4                AHBPrescTable
 .rodata.APBPrescTable
                0x0000000008004dd4        0x8 Src/system_stm32f3xx.o
                0x0000000008004dd4                APBPrescTable
 .rodata._svfprintf_r.str1.1
                0x0000000008004ddc       0x11 c:/st/stm32cubeide_1.0.0/stm32cubeide/plugins/com.st.stm32cube.ide.mcu.externaltools.gnu-tools-for-stm32.7-2018-q2-update.win32_1.4.0.202007081208/tools/bin/../lib/gcc/arm-none-eabi/7.3.1/../../../../arm-none-eabi/lib/thumb/v7e-m/fpv4-sp/hard\libc_nano.a(lib_a-nano-svfprintf.o)
 .rodata._printf_i.str1.1
                0x0000000008004ded       0x22 c:/st/stm32cubeide_1.0.0/stm32cubeide/plugins/com.st.stm32cube.ide.mcu.externaltools.gnu-tools-for-stm32.7-2018-q2-update.win32_1.4.0.202007081208/tools/bin/../lib/gcc/arm-none-eabi/7.3.1/../../../../arm-none-eabi/lib/thumb/v7e-m/fpv4-sp/hard\libc_nano.a(lib_a-nano-vfprintf_i.o)
                0x0000000008004e10                . = ALIGN (0x4)
 *fill*         0x0000000008004e0f        0x1 

.rel.dyn        0x0000000008004e10        0x0
 .rel.iplt      0x0000000008004e10        0x0 c:/st/stm32cubeide_1.0.0/stm32cubeide/plugins/com.st.stm32cube.ide.mcu.externaltools.gnu-tools-for-stm32.7-2018-q2-update.win32_1.4.0.202007081208/tools/bin/../lib/gcc/arm-none-eabi/7.3.1/thumb/v7e-m/fpv4-sp/hard/crtbegin.o

.ARM.extab      0x0000000008004e10        0x0
                0x0000000008004e10                . = ALIGN (0x4)
 *(.ARM.extab* .gnu.linkonce.armextab.*)
                0x0000000008004e10                . = ALIGN (0x4)

.ARM            0x0000000008004e10        0x0
                0x0000000008004e10                . = ALIGN (0x4)
                0x0000000008004e10                __exidx_start = .
 *(.ARM.exidx*)
                0x0000000008004e10                __exidx_end = .
                0x0000000008004e10                . = ALIGN (0x4)

.preinit_array  0x0000000008004e10        0x0
                0x0000000008004e10                . = ALIGN (0x4)
                0x0000000008004e10                PROVIDE (__preinit_array_start = .)
 *(.preinit_array*)
                0x0000000008004e10                PROVIDE (__preinit_array_end = .)
                0x0000000008004e10                . = ALIGN (0x4)

.init_array     0x0000000008004e10        0x4
                0x0000000008004e10                . = ALIGN (0x4)
                0x0000000008004e10                PROVIDE (__init_array_start = .)
 *(SORT_BY_NAME(.init_array.*))
 *(.init_array*)
 .init_array    0x0000000008004e10        0x4 c:/st/stm32cubeide_1.0.0/stm32cubeide/plugins/com.st.stm32cube.ide.mcu.externaltools.gnu-tools-for-stm32.7-2018-q2-update.win32_1.4.0.202007081208/tools/bin/../lib/gcc/arm-none-eabi/7.3.1/thumb/v7e-m/fpv4-sp/hard/crtbegin.o
                0x0000000008004e14                PROVIDE (__init_array_end = .)
                0x0000000008004e14                . = ALIGN (0x4)

.fini_array     0x0000000008004e14        0x4
                0x0000000008004e14                . = ALIGN (0x4)
                [!provide]                        PROVIDE (__fini_array_start = .)
 *(SORT_BY_NAME(.fini_array.*))
 *(.fini_array*)
 .fini_array    0x0000000008004e14        0x4 c:/st/stm32cubeide_1.0.0/stm32cubeide/plugins/com.st.stm32cube.ide.mcu.externaltools.gnu-tools-for-stm32.7-2018-q2-update.win32_1.4.0.202007081208/tools/bin/../lib/gcc/arm-none-eabi/7.3.1/thumb/v7e-m/fpv4-sp/hard/crtbegin.o
                [!provide]                        PROVIDE (__fini_array_end = .)
                0x0000000008004e18                . = ALIGN (0x4)
                0x0000000008004e18                _sidata = LOADADDR (.data)

.data           0x0000000020000000       0x80 load address 0x0000000008004e18
                0x0000000020000000                . = ALIGN (0x4)
                0x0000000020000000                _sdata = .
 *(.data)
 *(.data*)
 .data.uwTickPrio
                0x0000000020000000        0x4 Drivers/STM32F3xx_HAL_Driver/stm32f3xx_hal.o
                0x0000000020000000                uwTickPrio
 .data.uwTickFreq
                0x0000000020000004        0x1 Drivers/STM32F3xx_HAL_Driver/stm32f3xx_hal.o
                0x0000000020000004                uwTickFreq
 *fill*         0x0000000020000005        0x3 
 .data.user_btn_status_t
                0x0000000020000008        0x8 Src/main.o
 .data.supported_commands
                0x0000000020000010        0x8 Src/main.o
                0x0000000020000010                supported_commands
 .data.SystemCoreClock
                0x0000000020000018        0x4 Src/system_stm32f3xx.o
                0x0000000020000018                SystemCoreClock
 .data._impure_ptr
                0x000000002000001c        0x4 c:/st/stm32cubeide_1.0.0/stm32cubeide/plugins/com.st.stm32cube.ide.mcu.externaltools.gnu-tools-for-stm32.7-2018-q2-update.win32_1.4.0.202007081208/tools/bin/../lib/gcc/arm-none-eabi/7.3.1/../../../../arm-none-eabi/lib/thumb/v7e-m/fpv4-sp/hard\libc_nano.a(lib_a-impure.o)
                0x000000002000001c                _impure_ptr
 .data.impure_data
                0x0000000020000020       0x60 c:/st/stm32cubeide_1.0.0/stm32cubeide/plugins/com.st.stm32cube.ide.mcu.externaltools.gnu-tools-for-stm32.7-2018-q2-update.win32_1.4.0.202007081208/tools/bin/../lib/gcc/arm-none-eabi/7.3.1/../../../../arm-none-eabi/lib/thumb/v7e-m/fpv4-sp/hard\libc_nano.a(lib_a-impure.o)
                0x0000000020000080                . = ALIGN (0x4)
                0x0000000020000080                _edata = .

.igot.plt       0x0000000020000080        0x0 load address 0x0000000008004e98
 .igot.plt      0x0000000020000080        0x0 c:/st/stm32cubeide_1.0.0/stm32cubeide/plugins/com.st.stm32cube.ide.mcu.externaltools.gnu-tools-for-stm32.7-2018-q2-update.win32_1.4.0.202007081208/tools/bin/../lib/gcc/arm-none-eabi/7.3.1/thumb/v7e-m/fpv4-sp/hard/crtbegin.o
                0x0000000020000080                . = ALIGN (0x4)

.bss            0x0000000020000080      0x1b0 load address 0x0000000008004e98
                0x0000000020000080                _sbss = .
                0x0000000020000080                __bss_start__ = _sbss
 *(.bss)
 .bss           0x0000000020000080       0x1c c:/st/stm32cubeide_1.0.0/stm32cubeide/plugins/com.st.stm32cube.ide.mcu.externaltools.gnu-tools-for-stm32.7-2018-q2-update.win32_1.4.0.202007081208/tools/bin/../lib/gcc/arm-none-eabi/7.3.1/thumb/v7e-m/fpv4-sp/hard/crtbegin.o
 *(.bss*)
 .bss.gpio_status_t
                0x000000002000009c        0x1 Src/main.o
 *fill*         0x000000002000009d        0x3 
 .bss.heap_end.6424
                0x00000000200000a0        0x4 Src/sysmem.o
 .bss.__malloc_free_list
                0x00000000200000a4        0x4 c:/st/stm32cubeide_1.0.0/stm32cubeide/plugins/com.st.stm32cube.ide.mcu.externaltools.gnu-tools-for-stm32.7-2018-q2-update.win32_1.4.0.202007081208/tools/bin/../lib/gcc/arm-none-eabi/7.3.1/../../../../arm-none-eabi/lib/thumb/v7e-m/fpv4-sp/hard\libc_nano.a(lib_a-nano-mallocr.o)
                0x00000000200000a4                __malloc_free_list
 .bss.__malloc_sbrk_start
                0x00000000200000a8        0x4 c:/st/stm32cubeide_1.0.0/stm32cubeide/plugins/com.st.stm32cube.ide.mcu.externaltools.gnu-tools-for-stm32.7-2018-q2-update.win32_1.4.0.202007081208/tools/bin/../lib/gcc/arm-none-eabi/7.3.1/../../../../arm-none-eabi/lib/thumb/v7e-m/fpv4-sp/hard\libc_nano.a(lib_a-nano-mallocr.o)
                0x00000000200000a8                __malloc_sbrk_start
 *(COMMON)
 COMMON         0x00000000200000ac        0x4 Drivers/STM32F3xx_HAL_Driver/stm32f3xx_hal.o
                0x00000000200000ac                uwTick
 COMMON         0x00000000200000b0       0x20 Drivers/STM32F3xx_HAL_Driver/stm32f3xx_hal_flash.o
                0x00000000200000b0                pFlash
 COMMON         0x00000000200000d0      0x15c Src/main.o
                0x00000000200000d0                hcrc
                0x00000000200000f4                huart2
                0x0000000020000164                bl_rx_buffer
 COMMON         0x000000002000022c        0x4 c:/st/stm32cubeide_1.0.0/stm32cubeide/plugins/com.st.stm32cube.ide.mcu.externaltools.gnu-tools-for-stm32.7-2018-q2-update.win32_1.4.0.202007081208/tools/bin/../lib/gcc/arm-none-eabi/7.3.1/../../../../arm-none-eabi/lib/thumb/v7e-m/fpv4-sp/hard\libc_nano.a(lib_a-reent.o)
                0x000000002000022c                errno
                0x0000000020000230                . = ALIGN (0x4)
                0x0000000020000230                _ebss = .
                0x0000000020000230                __bss_end__ = _ebss

._user_heap_stack
                0x0000000020000230      0x600 load address 0x0000000008004e98
                0x0000000020000230                . = ALIGN (0x8)
                0x0000000020000230                PROVIDE (end = .)
                [!provide]                        PROVIDE (_end = .)
                0x0000000020000430                . = (. + _Min_Heap_Size)
 *fill*         0x0000000020000230      0x200 
                0x0000000020000830                . = (. + _Min_Stack_Size)
 *fill*         0x0000000020000430      0x400 
                0x0000000020000830                . = ALIGN (0x8)

/DISCARD/
 libc.a(*)
 libm.a(*)
 libgcc.a(*)

.ARM.attributes
                0x0000000000000000       0x30
 *(.ARM.attributes)
 .ARM.attributes
                0x0000000000000000       0x22 c:/st/stm32cubeide_1.0.0/stm32cubeide/plugins/com.st.stm32cube.ide.mcu.externaltools.gnu-tools-for-stm32.7-2018-q2-update.win32_1.4.0.202007081208/tools/bin/../lib/gcc/arm-none-eabi/7.3.1/thumb/v7e-m/fpv4-sp/hard/crti.o
 .ARM.attributes
                0x0000000000000022       0x34 c:/st/stm32cubeide_1.0.0/stm32cubeide/plugins/com.st.stm32cube.ide.mcu.externaltools.gnu-tools-for-stm32.7-2018-q2-update.win32_1.4.0.202007081208/tools/bin/../lib/gcc/arm-none-eabi/7.3.1/thumb/v7e-m/fpv4-sp/hard/crtbegin.o
 .ARM.attributes
                0x0000000000000056       0x39 Drivers/STM32F3xx_HAL_Driver/stm32f3xx_hal.o
 .ARM.attributes
                0x000000000000008f       0x39 Drivers/STM32F3xx_HAL_Driver/stm32f3xx_hal_cortex.o
 .ARM.attributes
                0x00000000000000c8       0x39 Drivers/STM32F3xx_HAL_Driver/stm32f3xx_hal_crc.o
 .ARM.attributes
                0x0000000000000101       0x39 Drivers/STM32F3xx_HAL_Driver/stm32f3xx_hal_crc_ex.o
 .ARM.attributes
                0x000000000000013a       0x39 Drivers/STM32F3xx_HAL_Driver/stm32f3xx_hal_flash.o
 .ARM.attributes
                0x0000000000000173       0x39 Drivers/STM32F3xx_HAL_Driver/stm32f3xx_hal_flash_ex.o
 .ARM.attributes
                0x00000000000001ac       0x39 Drivers/STM32F3xx_HAL_Driver/stm32f3xx_hal_gpio.o
 .ARM.attributes
                0x00000000000001e5       0x39 Drivers/STM32F3xx_HAL_Driver/stm32f3xx_hal_rcc.o
 .ARM.attributes
                0x000000000000021e       0x39 Drivers/STM32F3xx_HAL_Driver/stm32f3xx_hal_rcc_ex.o
 .ARM.attributes
                0x0000000000000257       0x39 Drivers/STM32F3xx_HAL_Driver/stm32f3xx_hal_uart.o
 .ARM.attributes
                0x0000000000000290       0x39 Src/main.o
 .ARM.attributes
                0x00000000000002c9       0x39 Src/stm32f3xx_hal_msp.o
 .ARM.attributes
                0x0000000000000302       0x39 Src/stm32f3xx_it.o
 .ARM.attributes
                0x000000000000033b       0x39 Src/sysmem.o
 .ARM.attributes
                0x0000000000000374       0x39 Src/system_stm32f3xx.o
 .ARM.attributes
                0x00000000000003ad       0x21 Startup/startup_stm32f303retx.o
 .ARM.attributes
                0x00000000000003ce       0x34 c:/st/stm32cubeide_1.0.0/stm32cubeide/plugins/com.st.stm32cube.ide.mcu.externaltools.gnu-tools-for-stm32.7-2018-q2-update.win32_1.4.0.202007081208/tools/bin/../lib/gcc/arm-none-eabi/7.3.1/../../../../arm-none-eabi/lib/thumb/v7e-m/fpv4-sp/hard\libc_nano.a(lib_a-errno.o)
 .ARM.attributes
                0x0000000000000402       0x34 c:/st/stm32cubeide_1.0.0/stm32cubeide/plugins/com.st.stm32cube.ide.mcu.externaltools.gnu-tools-for-stm32.7-2018-q2-update.win32_1.4.0.202007081208/tools/bin/../lib/gcc/arm-none-eabi/7.3.1/../../../../arm-none-eabi/lib/thumb/v7e-m/fpv4-sp/hard\libc_nano.a(lib_a-impure.o)
 .ARM.attributes
                0x0000000000000436       0x34 c:/st/stm32cubeide_1.0.0/stm32cubeide/plugins/com.st.stm32cube.ide.mcu.externaltools.gnu-tools-for-stm32.7-2018-q2-update.win32_1.4.0.202007081208/tools/bin/../lib/gcc/arm-none-eabi/7.3.1/../../../../arm-none-eabi/lib/thumb/v7e-m/fpv4-sp/hard\libc_nano.a(lib_a-init.o)
 .ARM.attributes
                0x000000000000046a       0x34 c:/st/stm32cubeide_1.0.0/stm32cubeide/plugins/com.st.stm32cube.ide.mcu.externaltools.gnu-tools-for-stm32.7-2018-q2-update.win32_1.4.0.202007081208/tools/bin/../lib/gcc/arm-none-eabi/7.3.1/../../../../arm-none-eabi/lib/thumb/v7e-m/fpv4-sp/hard\libc_nano.a(lib_a-memset.o)
 .ARM.attributes
                0x000000000000049e       0x1b c:/st/stm32cubeide_1.0.0/stm32cubeide/plugins/com.st.stm32cube.ide.mcu.externaltools.gnu-tools-for-stm32.7-2018-q2-update.win32_1.4.0.202007081208/tools/bin/../lib/gcc/arm-none-eabi/7.3.1/../../../../arm-none-eabi/lib/thumb/v7e-m/fpv4-sp/hard\libc_nano.a(lib_a-strlen.o)
 .ARM.attributes
                0x00000000000004b9       0x34 c:/st/stm32cubeide_1.0.0/stm32cubeide/plugins/com.st.stm32cube.ide.mcu.externaltools.gnu-tools-for-stm32.7-2018-q2-update.win32_1.4.0.202007081208/tools/bin/../lib/gcc/arm-none-eabi/7.3.1/../../../../arm-none-eabi/lib/thumb/v7e-m/fpv4-sp/hard\libc_nano.a(lib_a-vsprintf.o)
 .ARM.attributes
                0x00000000000004ed       0x34 c:/st/stm32cubeide_1.0.0/stm32cubeide/plugins/com.st.stm32cube.ide.mcu.externaltools.gnu-tools-for-stm32.7-2018-q2-update.win32_1.4.0.202007081208/tools/bin/../lib/gcc/arm-none-eabi/7.3.1/../../../../arm-none-eabi/lib/thumb/v7e-m/fpv4-sp/hard\libc_nano.a(lib_a-nano-svfprintf.o)
 .ARM.attributes
                0x0000000000000521       0x34 c:/st/stm32cubeide_1.0.0/stm32cubeide/plugins/com.st.stm32cube.ide.mcu.externaltools.gnu-tools-for-stm32.7-2018-q2-update.win32_1.4.0.202007081208/tools/bin/../lib/gcc/arm-none-eabi/7.3.1/../../../../arm-none-eabi/lib/thumb/v7e-m/fpv4-sp/hard\libc_nano.a(lib_a-nano-vfprintf_i.o)
 .ARM.attributes
                0x0000000000000555       0x20 c:/st/stm32cubeide_1.0.0/stm32cubeide/plugins/com.st.stm32cube.ide.mcu.externaltools.gnu-tools-for-stm32.7-2018-q2-update.win32_1.4.0.202007081208/tools/bin/../lib/gcc/arm-none-eabi/7.3.1/../../../../arm-none-eabi/lib/thumb/v7e-m/fpv4-sp/hard\libc_nano.a(lib_a-memchr.o)
 .ARM.attributes
                0x0000000000000575       0x34 c:/st/stm32cubeide_1.0.0/stm32cubeide/plugins/com.st.stm32cube.ide.mcu.externaltools.gnu-tools-for-stm32.7-2018-q2-update.win32_1.4.0.202007081208/tools/bin/../lib/gcc/arm-none-eabi/7.3.1/../../../../arm-none-eabi/lib/thumb/v7e-m/fpv4-sp/hard\libc_nano.a(lib_a-memcpy-stub.o)
 .ARM.attributes
                0x00000000000005a9       0x34 c:/st/stm32cubeide_1.0.0/stm32cubeide/plugins/com.st.stm32cube.ide.mcu.externaltools.gnu-tools-for-stm32.7-2018-q2-update.win32_1.4.0.202007081208/tools/bin/../lib/gcc/arm-none-eabi/7.3.1/../../../../arm-none-eabi/lib/thumb/v7e-m/fpv4-sp/hard\libc_nano.a(lib_a-memmove.o)
 .ARM.attributes
                0x00000000000005dd       0x34 c:/st/stm32cubeide_1.0.0/stm32cubeide/plugins/com.st.stm32cube.ide.mcu.externaltools.gnu-tools-for-stm32.7-2018-q2-update.win32_1.4.0.202007081208/tools/bin/../lib/gcc/arm-none-eabi/7.3.1/../../../../arm-none-eabi/lib/thumb/v7e-m/fpv4-sp/hard\libc_nano.a(lib_a-nano-freer.o)
 .ARM.attributes
                0x0000000000000611       0x34 c:/st/stm32cubeide_1.0.0/stm32cubeide/plugins/com.st.stm32cube.ide.mcu.externaltools.gnu-tools-for-stm32.7-2018-q2-update.win32_1.4.0.202007081208/tools/bin/../lib/gcc/arm-none-eabi/7.3.1/../../../../arm-none-eabi/lib/thumb/v7e-m/fpv4-sp/hard\libc_nano.a(lib_a-nano-mallocr.o)
 .ARM.attributes
                0x0000000000000645       0x34 c:/st/stm32cubeide_1.0.0/stm32cubeide/plugins/com.st.stm32cube.ide.mcu.externaltools.gnu-tools-for-stm32.7-2018-q2-update.win32_1.4.0.202007081208/tools/bin/../lib/gcc/arm-none-eabi/7.3.1/../../../../arm-none-eabi/lib/thumb/v7e-m/fpv4-sp/hard\libc_nano.a(lib_a-nano-reallocr.o)
 .ARM.attributes
                0x0000000000000679       0x34 c:/st/stm32cubeide_1.0.0/stm32cubeide/plugins/com.st.stm32cube.ide.mcu.externaltools.gnu-tools-for-stm32.7-2018-q2-update.win32_1.4.0.202007081208/tools/bin/../lib/gcc/arm-none-eabi/7.3.1/../../../../arm-none-eabi/lib/thumb/v7e-m/fpv4-sp/hard\libc_nano.a(lib_a-sbrkr.o)
 .ARM.attributes
                0x00000000000006ad       0x34 c:/st/stm32cubeide_1.0.0/stm32cubeide/plugins/com.st.stm32cube.ide.mcu.externaltools.gnu-tools-for-stm32.7-2018-q2-update.win32_1.4.0.202007081208/tools/bin/../lib/gcc/arm-none-eabi/7.3.1/../../../../arm-none-eabi/lib/thumb/v7e-m/fpv4-sp/hard\libc_nano.a(lib_a-mlock.o)
 .ARM.attributes
                0x00000000000006e1       0x34 c:/st/stm32cubeide_1.0.0/stm32cubeide/plugins/com.st.stm32cube.ide.mcu.externaltools.gnu-tools-for-stm32.7-2018-q2-update.win32_1.4.0.202007081208/tools/bin/../lib/gcc/arm-none-eabi/7.3.1/../../../../arm-none-eabi/lib/thumb/v7e-m/fpv4-sp/hard\libc_nano.a(lib_a-nano-msizer.o)
 .ARM.attributes
                0x0000000000000715       0x34 c:/st/stm32cubeide_1.0.0/stm32cubeide/plugins/com.st.stm32cube.ide.mcu.externaltools.gnu-tools-for-stm32.7-2018-q2-update.win32_1.4.0.202007081208/tools/bin/../lib/gcc/arm-none-eabi/7.3.1/../../../../arm-none-eabi/lib/thumb/v7e-m/fpv4-sp/hard\libc_nano.a(lib_a-reent.o)
 .ARM.attributes
                0x0000000000000749       0x22 c:/st/stm32cubeide_1.0.0/stm32cubeide/plugins/com.st.stm32cube.ide.mcu.externaltools.gnu-tools-for-stm32.7-2018-q2-update.win32_1.4.0.202007081208/tools/bin/../lib/gcc/arm-none-eabi/7.3.1/thumb/v7e-m/fpv4-sp/hard/crtn.o
OUTPUT(BootLoader.elf elf32-littlearm)

.debug_info     0x0000000000000000    0x11107
 .debug_info    0x0000000000000000     0x1015 Drivers/STM32F3xx_HAL_Driver/stm32f3xx_hal.o
 .debug_info    0x0000000000001015     0x15ce Drivers/STM32F3xx_HAL_Driver/stm32f3xx_hal_cortex.o
 .debug_info    0x00000000000025e3      0xdb9 Drivers/STM32F3xx_HAL_Driver/stm32f3xx_hal_crc.o
 .debug_info    0x000000000000339c      0xc2d Drivers/STM32F3xx_HAL_Driver/stm32f3xx_hal_crc_ex.o
 .debug_info    0x0000000000003fc9      0xdbd Drivers/STM32F3xx_HAL_Driver/stm32f3xx_hal_flash.o
 .debug_info    0x0000000000004d86     0x10b1 Drivers/STM32F3xx_HAL_Driver/stm32f3xx_hal_flash_ex.o
 .debug_info    0x0000000000005e37      0xfdf Drivers/STM32F3xx_HAL_Driver/stm32f3xx_hal_gpio.o
 .debug_info    0x0000000000006e16     0x1ffd Drivers/STM32F3xx_HAL_Driver/stm32f3xx_hal_rcc.o
 .debug_info    0x0000000000008e13      0xf24 Drivers/STM32F3xx_HAL_Driver/stm32f3xx_hal_rcc_ex.o
 .debug_info    0x0000000000009d37     0x1c9e Drivers/STM32F3xx_HAL_Driver/stm32f3xx_hal_uart.o
 .debug_info    0x000000000000b9d5     0x2458 Src/main.o
 .debug_info    0x000000000000de2d     0x130f Src/stm32f3xx_hal_msp.o
 .debug_info    0x000000000000f13c      0xa1f Src/stm32f3xx_it.o
 .debug_info    0x000000000000fb5b      0x91c Src/sysmem.o
 .debug_info    0x0000000000010477      0xc6e Src/system_stm32f3xx.o
 .debug_info    0x00000000000110e5       0x22 Startup/startup_stm32f303retx.o

.debug_abbrev   0x0000000000000000     0x254a
 .debug_abbrev  0x0000000000000000      0x283 Drivers/STM32F3xx_HAL_Driver/stm32f3xx_hal.o
 .debug_abbrev  0x0000000000000283      0x342 Drivers/STM32F3xx_HAL_Driver/stm32f3xx_hal_cortex.o
 .debug_abbrev  0x00000000000005c5      0x268 Drivers/STM32F3xx_HAL_Driver/stm32f3xx_hal_crc.o
 .debug_abbrev  0x000000000000082d      0x1ed Drivers/STM32F3xx_HAL_Driver/stm32f3xx_hal_crc_ex.o
 .debug_abbrev  0x0000000000000a1a      0x2b2 Drivers/STM32F3xx_HAL_Driver/stm32f3xx_hal_flash.o
 .debug_abbrev  0x0000000000000ccc      0x316 Drivers/STM32F3xx_HAL_Driver/stm32f3xx_hal_flash_ex.o
 .debug_abbrev  0x0000000000000fe2      0x251 Drivers/STM32F3xx_HAL_Driver/stm32f3xx_hal_gpio.o
 .debug_abbrev  0x0000000000001233      0x314 Drivers/STM32F3xx_HAL_Driver/stm32f3xx_hal_rcc.o
 .debug_abbrev  0x0000000000001547      0x2cc Drivers/STM32F3xx_HAL_Driver/stm32f3xx_hal_rcc_ex.o
 .debug_abbrev  0x0000000000001813      0x276 Drivers/STM32F3xx_HAL_Driver/stm32f3xx_hal_uart.o
 .debug_abbrev  0x0000000000001a89      0x358 Src/main.o
 .debug_abbrev  0x0000000000001de1      0x208 Src/stm32f3xx_hal_msp.o
 .debug_abbrev  0x0000000000001fe9      0x1ad Src/stm32f3xx_it.o
 .debug_abbrev  0x0000000000002196      0x1bb Src/sysmem.o
 .debug_abbrev  0x0000000000002351      0x1e7 Src/system_stm32f3xx.o
 .debug_abbrev  0x0000000000002538       0x12 Startup/startup_stm32f303retx.o

.debug_aranges  0x0000000000000000      0x918
 .debug_aranges
                0x0000000000000000       0xe0 Drivers/STM32F3xx_HAL_Driver/stm32f3xx_hal.o
 .debug_aranges
                0x00000000000000e0      0x118 Drivers/STM32F3xx_HAL_Driver/stm32f3xx_hal_cortex.o
 .debug_aranges
                0x00000000000001f8       0x60 Drivers/STM32F3xx_HAL_Driver/stm32f3xx_hal_crc.o
 .debug_aranges
                0x0000000000000258       0x30 Drivers/STM32F3xx_HAL_Driver/stm32f3xx_hal_crc_ex.o
 .debug_aranges
                0x0000000000000288       0x88 Drivers/STM32F3xx_HAL_Driver/stm32f3xx_hal_flash.o
 .debug_aranges
                0x0000000000000310       0x98 Drivers/STM32F3xx_HAL_Driver/stm32f3xx_hal_flash_ex.o
 .debug_aranges
                0x00000000000003a8       0x58 Drivers/STM32F3xx_HAL_Driver/stm32f3xx_hal_gpio.o
 .debug_aranges
                0x0000000000000400       0x88 Drivers/STM32F3xx_HAL_Driver/stm32f3xx_hal_rcc.o
 .debug_aranges
                0x0000000000000488       0x38 Drivers/STM32F3xx_HAL_Driver/stm32f3xx_hal_rcc_ex.o
 .debug_aranges
                0x00000000000004c0      0x1f0 Drivers/STM32F3xx_HAL_Driver/stm32f3xx_hal_uart.o
 .debug_aranges
                0x00000000000006b0      0x158 Src/main.o
 .debug_aranges
                0x0000000000000808       0x40 Src/stm32f3xx_hal_msp.o
 .debug_aranges
                0x0000000000000848       0x60 Src/stm32f3xx_it.o
 .debug_aranges
                0x00000000000008a8       0x20 Src/sysmem.o
 .debug_aranges
                0x00000000000008c8       0x28 Src/system_stm32f3xx.o
 .debug_aranges
                0x00000000000008f0       0x28 Startup/startup_stm32f303retx.o

.debug_ranges   0x0000000000000000      0x820
 .debug_ranges  0x0000000000000000       0xd0 Drivers/STM32F3xx_HAL_Driver/stm32f3xx_hal.o
 .debug_ranges  0x00000000000000d0      0x108 Drivers/STM32F3xx_HAL_Driver/stm32f3xx_hal_cortex.o
 .debug_ranges  0x00000000000001d8       0x50 Drivers/STM32F3xx_HAL_Driver/stm32f3xx_hal_crc.o
 .debug_ranges  0x0000000000000228       0x20 Drivers/STM32F3xx_HAL_Driver/stm32f3xx_hal_crc_ex.o
 .debug_ranges  0x0000000000000248       0x78 Drivers/STM32F3xx_HAL_Driver/stm32f3xx_hal_flash.o
 .debug_ranges  0x00000000000002c0       0x88 Drivers/STM32F3xx_HAL_Driver/stm32f3xx_hal_flash_ex.o
 .debug_ranges  0x0000000000000348       0x48 Drivers/STM32F3xx_HAL_Driver/stm32f3xx_hal_gpio.o
 .debug_ranges  0x0000000000000390       0x78 Drivers/STM32F3xx_HAL_Driver/stm32f3xx_hal_rcc.o
 .debug_ranges  0x0000000000000408       0x28 Drivers/STM32F3xx_HAL_Driver/stm32f3xx_hal_rcc_ex.o
 .debug_ranges  0x0000000000000430      0x1e0 Drivers/STM32F3xx_HAL_Driver/stm32f3xx_hal_uart.o
 .debug_ranges  0x0000000000000610      0x148 Src/main.o
 .debug_ranges  0x0000000000000758       0x30 Src/stm32f3xx_hal_msp.o
 .debug_ranges  0x0000000000000788       0x50 Src/stm32f3xx_it.o
 .debug_ranges  0x00000000000007d8       0x10 Src/sysmem.o
 .debug_ranges  0x00000000000007e8       0x18 Src/system_stm32f3xx.o
 .debug_ranges  0x0000000000000800       0x20 Startup/startup_stm32f303retx.o

.debug_macro    0x0000000000000000    0x1dac1
 .debug_macro   0x0000000000000000      0x33b Drivers/STM32F3xx_HAL_Driver/stm32f3xx_hal.o
 .debug_macro   0x000000000000033b      0xa5a Drivers/STM32F3xx_HAL_Driver/stm32f3xx_hal.o
 .debug_macro   0x0000000000000d95       0xab Drivers/STM32F3xx_HAL_Driver/stm32f3xx_hal.o
 .debug_macro   0x0000000000000e40       0x2f Drivers/STM32F3xx_HAL_Driver/stm32f3xx_hal.o
 .debug_macro   0x0000000000000e6f       0x28 Drivers/STM32F3xx_HAL_Driver/stm32f3xx_hal.o
 .debug_macro   0x0000000000000e97       0x22 Drivers/STM32F3xx_HAL_Driver/stm32f3xx_hal.o
 .debug_macro   0x0000000000000eb9       0x8e Drivers/STM32F3xx_HAL_Driver/stm32f3xx_hal.o
 .debug_macro   0x0000000000000f47       0x51 Drivers/STM32F3xx_HAL_Driver/stm32f3xx_hal.o
 .debug_macro   0x0000000000000f98       0xef Drivers/STM32F3xx_HAL_Driver/stm32f3xx_hal.o
 .debug_macro   0x0000000000001087       0x6a Drivers/STM32F3xx_HAL_Driver/stm32f3xx_hal.o
 .debug_macro   0x00000000000010f1      0x1df Drivers/STM32F3xx_HAL_Driver/stm32f3xx_hal.o
 .debug_macro   0x00000000000012d0       0x35 Drivers/STM32F3xx_HAL_Driver/stm32f3xx_hal.o
 .debug_macro   0x0000000000001305       0x50 Drivers/STM32F3xx_HAL_Driver/stm32f3xx_hal.o
 .debug_macro   0x0000000000001355      0xe66 Drivers/STM32F3xx_HAL_Driver/stm32f3xx_hal.o
 .debug_macro   0x00000000000021bb    0x1536f Drivers/STM32F3xx_HAL_Driver/stm32f3xx_hal.o
 .debug_macro   0x000000000001752a       0x43 Drivers/STM32F3xx_HAL_Driver/stm32f3xx_hal.o
 .debug_macro   0x000000000001756d       0x46 Drivers/STM32F3xx_HAL_Driver/stm32f3xx_hal.o
 .debug_macro   0x00000000000175b3       0x18 Drivers/STM32F3xx_HAL_Driver/stm32f3xx_hal.o
 .debug_macro   0x00000000000175cb       0x3c Drivers/STM32F3xx_HAL_Driver/stm32f3xx_hal.o
 .debug_macro   0x0000000000017607       0x34 Drivers/STM32F3xx_HAL_Driver/stm32f3xx_hal.o
 .debug_macro   0x000000000001763b       0x16 Drivers/STM32F3xx_HAL_Driver/stm32f3xx_hal.o
 .debug_macro   0x0000000000017651       0x97 Drivers/STM32F3xx_HAL_Driver/stm32f3xx_hal.o
 .debug_macro   0x00000000000176e8      0x330 Drivers/STM32F3xx_HAL_Driver/stm32f3xx_hal.o
 .debug_macro   0x0000000000017a18       0xfd Drivers/STM32F3xx_HAL_Driver/stm32f3xx_hal.o
 .debug_macro   0x0000000000017b15       0x10 Drivers/STM32F3xx_HAL_Driver/stm32f3xx_hal.o
 .debug_macro   0x0000000000017b25       0x52 Drivers/STM32F3xx_HAL_Driver/stm32f3xx_hal.o
 .debug_macro   0x0000000000017b77       0x1f Drivers/STM32F3xx_HAL_Driver/stm32f3xx_hal.o
 .debug_macro   0x0000000000017b96       0x43 Drivers/STM32F3xx_HAL_Driver/stm32f3xx_hal.o
 .debug_macro   0x0000000000017bd9       0x20 Drivers/STM32F3xx_HAL_Driver/stm32f3xx_hal.o
 .debug_macro   0x0000000000017bf9      0x1a3 Drivers/STM32F3xx_HAL_Driver/stm32f3xx_hal.o
 .debug_macro   0x0000000000017d9c       0x10 Drivers/STM32F3xx_HAL_Driver/stm32f3xx_hal.o
 .debug_macro   0x0000000000017dac       0x1c Drivers/STM32F3xx_HAL_Driver/stm32f3xx_hal.o
 .debug_macro   0x0000000000017dc8       0x52 Drivers/STM32F3xx_HAL_Driver/stm32f3xx_hal.o
 .debug_macro   0x0000000000017e1a       0x40 Drivers/STM32F3xx_HAL_Driver/stm32f3xx_hal.o
 .debug_macro   0x0000000000017e5a       0x10 Drivers/STM32F3xx_HAL_Driver/stm32f3xx_hal.o
 .debug_macro   0x0000000000017e6a       0x40 Drivers/STM32F3xx_HAL_Driver/stm32f3xx_hal.o
 .debug_macro   0x0000000000017eaa       0xd7 Drivers/STM32F3xx_HAL_Driver/stm32f3xx_hal.o
 .debug_macro   0x0000000000017f81       0x1c Drivers/STM32F3xx_HAL_Driver/stm32f3xx_hal.o
 .debug_macro   0x0000000000017f9d       0x3d Drivers/STM32F3xx_HAL_Driver/stm32f3xx_hal.o
 .debug_macro   0x0000000000017fda       0x16 Drivers/STM32F3xx_HAL_Driver/stm32f3xx_hal.o
 .debug_macro   0x0000000000017ff0      0x145 Drivers/STM32F3xx_HAL_Driver/stm32f3xx_hal.o
 .debug_macro   0x0000000000018135       0x50 Drivers/STM32F3xx_HAL_Driver/stm32f3xx_hal.o
 .debug_macro   0x0000000000018185      0x95a Drivers/STM32F3xx_HAL_Driver/stm32f3xx_hal.o
 .debug_macro   0x0000000000018adf      0x84a Drivers/STM32F3xx_HAL_Driver/stm32f3xx_hal.o
 .debug_macro   0x0000000000019329      0x13a Drivers/STM32F3xx_HAL_Driver/stm32f3xx_hal.o
 .debug_macro   0x0000000000019463      0x23a Drivers/STM32F3xx_HAL_Driver/stm32f3xx_hal.o
 .debug_macro   0x000000000001969d      0x1bc Drivers/STM32F3xx_HAL_Driver/stm32f3xx_hal.o
 .debug_macro   0x0000000000019859       0x31 Drivers/STM32F3xx_HAL_Driver/stm32f3xx_hal.o
 .debug_macro   0x000000000001988a       0x3c Drivers/STM32F3xx_HAL_Driver/stm32f3xx_hal.o
 .debug_macro   0x00000000000198c6      0x23a Drivers/STM32F3xx_HAL_Driver/stm32f3xx_hal.o
 .debug_macro   0x0000000000019b00       0xc7 Drivers/STM32F3xx_HAL_Driver/stm32f3xx_hal.o
 .debug_macro   0x0000000000019bc7       0x4d Drivers/STM32F3xx_HAL_Driver/stm32f3xx_hal.o
 .debug_macro   0x0000000000019c14       0x12 Drivers/STM32F3xx_HAL_Driver/stm32f3xx_hal.o
 .debug_macro   0x0000000000019c26       0xcb Drivers/STM32F3xx_HAL_Driver/stm32f3xx_hal.o
 .debug_macro   0x0000000000019cf1      0x21e Drivers/STM32F3xx_HAL_Driver/stm32f3xx_hal.o
 .debug_macro   0x0000000000019f0f      0x209 Drivers/STM32F3xx_HAL_Driver/stm32f3xx_hal.o
 .debug_macro   0x000000000001a118       0x5b Drivers/STM32F3xx_HAL_Driver/stm32f3xx_hal.o
 .debug_macro   0x000000000001a173       0x90 Drivers/STM32F3xx_HAL_Driver/stm32f3xx_hal.o
 .debug_macro   0x000000000001a203       0x82 Drivers/STM32F3xx_HAL_Driver/stm32f3xx_hal.o
 .debug_macro   0x000000000001a285       0xd3 Drivers/STM32F3xx_HAL_Driver/stm32f3xx_hal.o
 .debug_macro   0x000000000001a358      0x566 Drivers/STM32F3xx_HAL_Driver/stm32f3xx_hal.o
 .debug_macro   0x000000000001a8be       0x31 Drivers/STM32F3xx_HAL_Driver/stm32f3xx_hal.o
 .debug_macro   0x000000000001a8ef      0x349 Drivers/STM32F3xx_HAL_Driver/stm32f3xx_hal.o
 .debug_macro   0x000000000001ac38      0x317 Drivers/STM32F3xx_HAL_Driver/stm32f3xx_hal_cortex.o
 .debug_macro   0x000000000001af4f      0x317 Drivers/STM32F3xx_HAL_Driver/stm32f3xx_hal_crc.o
 .debug_macro   0x000000000001b266      0x317 Drivers/STM32F3xx_HAL_Driver/stm32f3xx_hal_crc_ex.o
 .debug_macro   0x000000000001b57d      0x317 Drivers/STM32F3xx_HAL_Driver/stm32f3xx_hal_flash.o
 .debug_macro   0x000000000001b894      0x329 Drivers/STM32F3xx_HAL_Driver/stm32f3xx_hal_flash_ex.o
 .debug_macro   0x000000000001bbbd      0x34f Drivers/STM32F3xx_HAL_Driver/stm32f3xx_hal_gpio.o
 .debug_macro   0x000000000001bf0c      0x33b Drivers/STM32F3xx_HAL_Driver/stm32f3xx_hal_rcc.o
 .debug_macro   0x000000000001c247      0x317 Drivers/STM32F3xx_HAL_Driver/stm32f3xx_hal_rcc_ex.o
 .debug_macro   0x000000000001c55e      0x31f Drivers/STM32F3xx_HAL_Driver/stm32f3xx_hal_uart.o
 .debug_macro   0x000000000001c87d      0x37d Src/main.o
 .debug_macro   0x000000000001cbfa       0xac Src/main.o
 .debug_macro   0x000000000001cca6       0x4c Src/main.o
 .debug_macro   0x000000000001ccf2       0x16 Src/main.o
 .debug_macro   0x000000000001cd08       0x35 Src/main.o
 .debug_macro   0x000000000001cd3d       0x20 Src/main.o
 .debug_macro   0x000000000001cd5d      0x32a Src/stm32f3xx_hal_msp.o
 .debug_macro   0x000000000001d087      0x334 Src/stm32f3xx_it.o
 .debug_macro   0x000000000001d3bb      0x1ae Src/sysmem.o
 .debug_macro   0x000000000001d569      0x23b Src/sysmem.o
 .debug_macro   0x000000000001d7a4      0x31d Src/system_stm32f3xx.o

.debug_line     0x0000000000000000     0xb01d
 .debug_line    0x0000000000000000      0xb35 Drivers/STM32F3xx_HAL_Driver/stm32f3xx_hal.o
 .debug_line    0x0000000000000b35      0xc5f Drivers/STM32F3xx_HAL_Driver/stm32f3xx_hal_cortex.o
 .debug_line    0x0000000000001794      0xac3 Drivers/STM32F3xx_HAL_Driver/stm32f3xx_hal_crc.o
 .debug_line    0x0000000000002257      0x9ba Drivers/STM32F3xx_HAL_Driver/stm32f3xx_hal_crc_ex.o
 .debug_line    0x0000000000002c11      0xb1d Drivers/STM32F3xx_HAL_Driver/stm32f3xx_hal_flash.o
 .debug_line    0x000000000000372e      0xbc1 Drivers/STM32F3xx_HAL_Driver/stm32f3xx_hal_flash_ex.o
 .debug_line    0x00000000000042ef      0xb14 Drivers/STM32F3xx_HAL_Driver/stm32f3xx_hal_gpio.o
 .debug_line    0x0000000000004e03     0x108f Drivers/STM32F3xx_HAL_Driver/stm32f3xx_hal_rcc.o
 .debug_line    0x0000000000005e92      0xcd7 Drivers/STM32F3xx_HAL_Driver/stm32f3xx_hal_rcc_ex.o
 .debug_line    0x0000000000006b69     0x13bb Drivers/STM32F3xx_HAL_Driver/stm32f3xx_hal_uart.o
 .debug_line    0x0000000000007f24      0xeb2 Src/main.o
 .debug_line    0x0000000000008dd6      0x96f Src/stm32f3xx_hal_msp.o
 .debug_line    0x0000000000009745      0x9bd Src/stm32f3xx_it.o
 .debug_line    0x000000000000a102      0x559 Src/sysmem.o
 .debug_line    0x000000000000a65b      0x941 Src/system_stm32f3xx.o
 .debug_line    0x000000000000af9c       0x81 Startup/startup_stm32f303retx.o

.debug_str      0x0000000000000000    0xa4edb
 .debug_str     0x0000000000000000    0xa194d Drivers/STM32F3xx_HAL_Driver/stm32f3xx_hal.o
                                      0xa1d07 (size before relaxing)
 .debug_str     0x00000000000a194d      0x474 Drivers/STM32F3xx_HAL_Driver/stm32f3xx_hal_cortex.o
                                      0xa1e0c (size before relaxing)
 .debug_str     0x00000000000a1dc1      0x2aa Drivers/STM32F3xx_HAL_Driver/stm32f3xx_hal_crc.o
                                      0xa16d2 (size before relaxing)
 .debug_str     0x00000000000a206b       0xc1 Drivers/STM32F3xx_HAL_Driver/stm32f3xx_hal_crc_ex.o
                                      0xa16a8 (size before relaxing)
 .debug_str     0x00000000000a212c      0x2bf Drivers/STM32F3xx_HAL_Driver/stm32f3xx_hal_flash.o
                                      0xa176a (size before relaxing)
 .debug_str     0x00000000000a23eb      0x3ce Drivers/STM32F3xx_HAL_Driver/stm32f3xx_hal_flash_ex.o
                                      0xa196f (size before relaxing)
 .debug_str     0x00000000000a27b9      0x338 Drivers/STM32F3xx_HAL_Driver/stm32f3xx_hal_gpio.o
                                      0xa17f1 (size before relaxing)
 .debug_str     0x00000000000a2af1      0x436 Drivers/STM32F3xx_HAL_Driver/stm32f3xx_hal_rcc.o
                                      0xa1954 (size before relaxing)
 .debug_str     0x00000000000a2f27      0x2f8 Drivers/STM32F3xx_HAL_Driver/stm32f3xx_hal_rcc_ex.o
                                      0xa17c9 (size before relaxing)
 .debug_str     0x00000000000a321f      0xb41 Drivers/STM32F3xx_HAL_Driver/stm32f3xx_hal_uart.o
                                      0xa2081 (size before relaxing)
 .debug_str     0x00000000000a3d60      0xb59 Src/main.o
                                      0xa2aed (size before relaxing)
 .debug_str     0x00000000000a48b9       0x1b Src/stm32f3xx_hal_msp.o
                                      0xa1cf5 (size before relaxing)
 .debug_str     0x00000000000a48d4       0xb8 Src/stm32f3xx_it.o
                                      0xa16bf (size before relaxing)
 .debug_str     0x00000000000a498c      0x4b9 Src/sysmem.o
                                       0x7af2 (size before relaxing)
 .debug_str     0x00000000000a4e45       0x65 Src/system_stm32f3xx.o
                                      0xa14de (size before relaxing)
 .debug_str     0x00000000000a4eaa       0x31 Startup/startup_stm32f303retx.o
                                         0x74 (size before relaxing)

.comment        0x0000000000000000       0x7b
 .comment       0x0000000000000000       0x7b Drivers/STM32F3xx_HAL_Driver/stm32f3xx_hal.o
                                         0x7c (size before relaxing)
 .comment       0x000000000000007b       0x7c Drivers/STM32F3xx_HAL_Driver/stm32f3xx_hal_cortex.o
 .comment       0x000000000000007b       0x7c Drivers/STM32F3xx_HAL_Driver/stm32f3xx_hal_crc.o
 .comment       0x000000000000007b       0x7c Drivers/STM32F3xx_HAL_Driver/stm32f3xx_hal_crc_ex.o
 .comment       0x000000000000007b       0x7c Drivers/STM32F3xx_HAL_Driver/stm32f3xx_hal_flash.o
 .comment       0x000000000000007b       0x7c Drivers/STM32F3xx_HAL_Driver/stm32f3xx_hal_flash_ex.o
 .comment       0x000000000000007b       0x7c Drivers/STM32F3xx_HAL_Driver/stm32f3xx_hal_gpio.o
 .comment       0x000000000000007b       0x7c Drivers/STM32F3xx_HAL_Driver/stm32f3xx_hal_rcc.o
 .comment       0x000000000000007b       0x7c Drivers/STM32F3xx_HAL_Driver/stm32f3xx_hal_rcc_ex.o
 .comment       0x000000000000007b       0x7c Drivers/STM32F3xx_HAL_Driver/stm32f3xx_hal_uart.o
 .comment       0x000000000000007b       0x7c Src/main.o
 .comment       0x000000000000007b       0x7c Src/stm32f3xx_hal_msp.o
 .comment       0x000000000000007b       0x7c Src/stm32f3xx_it.o
 .comment       0x000000000000007b       0x7c Src/sysmem.o
 .comment       0x000000000000007b       0x7c Src/system_stm32f3xx.o

.debug_frame    0x0000000000000000     0x26a8
 .debug_frame   0x0000000000000000      0x334 Drivers/STM32F3xx_HAL_Driver/stm32f3xx_hal.o
 .debug_frame   0x0000000000000334      0x498 Drivers/STM32F3xx_HAL_Driver/stm32f3xx_hal_cortex.o
 .debug_frame   0x00000000000007cc      0x168 Drivers/STM32F3xx_HAL_Driver/stm32f3xx_hal_crc.o
 .debug_frame   0x0000000000000934       0x88 Drivers/STM32F3xx_HAL_Driver/stm32f3xx_hal_crc_ex.o
 .debug_frame   0x00000000000009bc      0x214 Drivers/STM32F3xx_HAL_Driver/stm32f3xx_hal_flash.o
 .debug_frame   0x0000000000000bd0      0x258 Drivers/STM32F3xx_HAL_Driver/stm32f3xx_hal_flash_ex.o
 .debug_frame   0x0000000000000e28      0x14c Drivers/STM32F3xx_HAL_Driver/stm32f3xx_hal_gpio.o
 .debug_frame   0x0000000000000f74      0x214 Drivers/STM32F3xx_HAL_Driver/stm32f3xx_hal_rcc.o
 .debug_frame   0x0000000000001188       0xb4 Drivers/STM32F3xx_HAL_Driver/stm32f3xx_hal_rcc_ex.o
 .debug_frame   0x000000000000123c      0x8d8 Drivers/STM32F3xx_HAL_Driver/stm32f3xx_hal_uart.o
 .debug_frame   0x0000000000001b14      0x5d0 Src/main.o
 .debug_frame   0x00000000000020e4       0xcc Src/stm32f3xx_hal_msp.o
 .debug_frame   0x00000000000021b0      0x10c Src/stm32f3xx_it.o
 .debug_frame   0x00000000000022bc       0x34 Src/sysmem.o
 .debug_frame   0x00000000000022f0       0x58 Src/system_stm32f3xx.o
 .debug_frame   0x0000000000002348       0x20 c:/st/stm32cubeide_1.0.0/stm32cubeide/plugins/com.st.stm32cube.ide.mcu.externaltools.gnu-tools-for-stm32.7-2018-q2-update.win32_1.4.0.202007081208/tools/bin/../lib/gcc/arm-none-eabi/7.3.1/../../../../arm-none-eabi/lib/thumb/v7e-m/fpv4-sp/hard\libc_nano.a(lib_a-errno.o)
 .debug_frame   0x0000000000002368       0x2c c:/st/stm32cubeide_1.0.0/stm32cubeide/plugins/com.st.stm32cube.ide.mcu.externaltools.gnu-tools-for-stm32.7-2018-q2-update.win32_1.4.0.202007081208/tools/bin/../lib/gcc/arm-none-eabi/7.3.1/../../../../arm-none-eabi/lib/thumb/v7e-m/fpv4-sp/hard\libc_nano.a(lib_a-init.o)
 .debug_frame   0x0000000000002394       0x20 c:/st/stm32cubeide_1.0.0/stm32cubeide/plugins/com.st.stm32cube.ide.mcu.externaltools.gnu-tools-for-stm32.7-2018-q2-update.win32_1.4.0.202007081208/tools/bin/../lib/gcc/arm-none-eabi/7.3.1/../../../../arm-none-eabi/lib/thumb/v7e-m/fpv4-sp/hard\libc_nano.a(lib_a-memset.o)
 .debug_frame   0x00000000000023b4       0x3c c:/st/stm32cubeide_1.0.0/stm32cubeide/plugins/com.st.stm32cube.ide.mcu.externaltools.gnu-tools-for-stm32.7-2018-q2-update.win32_1.4.0.202007081208/tools/bin/../lib/gcc/arm-none-eabi/7.3.1/../../../../arm-none-eabi/lib/thumb/v7e-m/fpv4-sp/hard\libc_nano.a(lib_a-vsprintf.o)
 .debug_frame   0x00000000000023f0       0x90 c:/st/stm32cubeide_1.0.0/stm32cubeide/plugins/com.st.stm32cube.ide.mcu.externaltools.gnu-tools-for-stm32.7-2018-q2-update.win32_1.4.0.202007081208/tools/bin/../lib/gcc/arm-none-eabi/7.3.1/../../../../arm-none-eabi/lib/thumb/v7e-m/fpv4-sp/hard\libc_nano.a(lib_a-nano-svfprintf.o)
 .debug_frame   0x0000000000002480       0x60 c:/st/stm32cubeide_1.0.0/stm32cubeide/plugins/com.st.stm32cube.ide.mcu.externaltools.gnu-tools-for-stm32.7-2018-q2-update.win32_1.4.0.202007081208/tools/bin/../lib/gcc/arm-none-eabi/7.3.1/../../../../arm-none-eabi/lib/thumb/v7e-m/fpv4-sp/hard\libc_nano.a(lib_a-nano-vfprintf_i.o)
 .debug_frame   0x00000000000024e0       0x28 c:/st/stm32cubeide_1.0.0/stm32cubeide/plugins/com.st.stm32cube.ide.mcu.externaltools.gnu-tools-for-stm32.7-2018-q2-update.win32_1.4.0.202007081208/tools/bin/../lib/gcc/arm-none-eabi/7.3.1/../../../../arm-none-eabi/lib/thumb/v7e-m/fpv4-sp/hard\libc_nano.a(lib_a-memcpy-stub.o)
 .debug_frame   0x0000000000002508       0x28 c:/st/stm32cubeide_1.0.0/stm32cubeide/plugins/com.st.stm32cube.ide.mcu.externaltools.gnu-tools-for-stm32.7-2018-q2-update.win32_1.4.0.202007081208/tools/bin/../lib/gcc/arm-none-eabi/7.3.1/../../../../arm-none-eabi/lib/thumb/v7e-m/fpv4-sp/hard\libc_nano.a(lib_a-memmove.o)
 .debug_frame   0x0000000000002530       0x38 c:/st/stm32cubeide_1.0.0/stm32cubeide/plugins/com.st.stm32cube.ide.mcu.externaltools.gnu-tools-for-stm32.7-2018-q2-update.win32_1.4.0.202007081208/tools/bin/../lib/gcc/arm-none-eabi/7.3.1/../../../../arm-none-eabi/lib/thumb/v7e-m/fpv4-sp/hard\libc_nano.a(lib_a-nano-freer.o)
 .debug_frame   0x0000000000002568       0x2c c:/st/stm32cubeide_1.0.0/stm32cubeide/plugins/com.st.stm32cube.ide.mcu.externaltools.gnu-tools-for-stm32.7-2018-q2-update.win32_1.4.0.202007081208/tools/bin/../lib/gcc/arm-none-eabi/7.3.1/../../../../arm-none-eabi/lib/thumb/v7e-m/fpv4-sp/hard\libc_nano.a(lib_a-nano-mallocr.o)
 .debug_frame   0x0000000000002594       0x3c c:/st/stm32cubeide_1.0.0/stm32cubeide/plugins/com.st.stm32cube.ide.mcu.externaltools.gnu-tools-for-stm32.7-2018-q2-update.win32_1.4.0.202007081208/tools/bin/../lib/gcc/arm-none-eabi/7.3.1/../../../../arm-none-eabi/lib/thumb/v7e-m/fpv4-sp/hard\libc_nano.a(lib_a-nano-reallocr.o)
 .debug_frame   0x00000000000025d0       0x2c c:/st/stm32cubeide_1.0.0/stm32cubeide/plugins/com.st.stm32cube.ide.mcu.externaltools.gnu-tools-for-stm32.7-2018-q2-update.win32_1.4.0.202007081208/tools/bin/../lib/gcc/arm-none-eabi/7.3.1/../../../../arm-none-eabi/lib/thumb/v7e-m/fpv4-sp/hard\libc_nano.a(lib_a-sbrkr.o)
 .debug_frame   0x00000000000025fc       0x30 c:/st/stm32cubeide_1.0.0/stm32cubeide/plugins/com.st.stm32cube.ide.mcu.externaltools.gnu-tools-for-stm32.7-2018-q2-update.win32_1.4.0.202007081208/tools/bin/../lib/gcc/arm-none-eabi/7.3.1/../../../../arm-none-eabi/lib/thumb/v7e-m/fpv4-sp/hard\libc_nano.a(lib_a-mlock.o)
 .debug_frame   0x000000000000262c       0x20 c:/st/stm32cubeide_1.0.0/stm32cubeide/plugins/com.st.stm32cube.ide.mcu.externaltools.gnu-tools-for-stm32.7-2018-q2-update.win32_1.4.0.202007081208/tools/bin/../lib/gcc/arm-none-eabi/7.3.1/../../../../arm-none-eabi/lib/thumb/v7e-m/fpv4-sp/hard\libc_nano.a(lib_a-nano-msizer.o)
 .debug_frame   0x000000000000264c       0x5c c:/st/stm32cubeide_1.0.0/stm32cubeide/plugins/com.st.stm32cube.ide.mcu.externaltools.gnu-tools-for-stm32.7-2018-q2-update.win32_1.4.0.202007081208/tools/bin/../lib/gcc/arm-none-eabi/7.3.1/../../../../arm-none-eabi/lib/thumb/v7e-m/fpv4-sp/hard\libc_nano.a(lib_a-reent.o)
